ðŸŒŸ This was machine generated.  Do not edit. ðŸŒŸ

Frame[0] {
    "type": "directory-listing",
    "pathSeparator": "/"
}
Name: 
Dimensions: 2 Fields by 7 Rows
+--------------------------+------------------+
| Name: name               | Name: media-type |
| Labels:                  | Labels:          |
| Type: []string           | Type: []string   |
+--------------------------+------------------+
| browser_marketshare.csv  |                  |
| flight_info_by_state.csv |                  |
| gdp_per_capita.csv       |                  |
| js_libraries.csv         |                  |
| ohlc_dogecoin.csv        |                  |
| population_by_state.csv  |                  |
| weight_height.csv        |                  |
+--------------------------+------------------+


====== TEST DATA RESPONSE (arrow base64) ======
FRAME=QVJST1cxAAD/////uAEAABAAAAAAAAoADgAMAAsABAAKAAAAFAAAAAAAAAEDAAoADAAAAAgABAAKAAAACAAAAKQAAAADAAAATAAAACgAAAAEAAAA0P7//wgAAAAMAAAAAAAAAAAAAAAFAAAAcmVmSWQAAADw/v//CAAAAAwAAAAAAAAAAAAAAAQAAABuYW1lAAAAABD///8IAAAAPAAAADAAAAB7InR5cGUiOiJkaXJlY3RvcnktbGlzdGluZyIsInBhdGhTZXBhcmF0b3IiOiIvIn0AAAAABAAAAG1ldGEAAAAAAgAAAHwAAAAEAAAAnv///xQAAABAAAAAQAAAAAAAAAU8AAAAAQAAAAQAAACM////CAAAABQAAAAKAAAAbWVkaWEtdHlwZQAABAAAAG5hbWUAAAAAAAAAAIj///8KAAAAbWVkaWEtdHlwZQAAAAASABgAFAAAABMADAAAAAgABAASAAAAFAAAAEQAAABIAAAAAAAABUQAAAABAAAADAAAAAgADAAIAAQACAAAAAgAAAAQAAAABAAAAG5hbWUAAAAABAAAAG5hbWUAAAAAAAAAAAQABAAEAAAABAAAAG5hbWUAAAAA/////9gAAAAUAAAAAAAAAAwAFgAUABMADAAEAAwAAADQAAAAAAAAABQAAAAAAAADAwAKABgADAAIAAQACgAAABQAAAB4AAAABwAAAAAAAAAAAAAABgAAAAAAAAAAAAAAAAAAAAAAAAAAAAAAAAAAACAAAAAAAAAAIAAAAAAAAACQAAAAAAAAALAAAAAAAAAAAAAAAAAAAACwAAAAAAAAACAAAAAAAAAA0AAAAAAAAAAAAAAAAAAAAAAAAAACAAAABwAAAAAAAAAAAAAAAAAAAAcAAAAAAAAAAAAAAAAAAAAAAAAAFwAAAC8AAABBAAAAUQAAAGIAAAB5AAAAigAAAGJyb3dzZXJfbWFya2V0c2hhcmUuY3N2ZmxpZ2h0X2luZm9fYnlfc3RhdGUuY3N2Z2RwX3Blcl9jYXBpdGEuY3N2anNfbGlicmFyaWVzLmNzdm9obGNfZG9nZWNvaW4uY3N2cG9wdWxhdGlvbl9ieV9zdGF0ZS5jc3Z3ZWlnaHRfaGVpZ2h0LmNzdgAAAAAAAAAAAAAAAAAAAAAAAAAAAAAAAAAAAAAAAAAAAAAAAAAAEAAAAAwAFAASAAwACAAEAAwAAAAQAAAALAAAADwAAAAAAAMAAQAAAMgBAAAAAAAA4AAAAAAAAADQAAAAAAAAAAAAAAAAAAAAAAAAAAAACgAMAAAACAAEAAoAAAAIAAAApAAAAAMAAABMAAAAKAAAAAQAAADQ/v//CAAAAAwAAAAAAAAAAAAAAAUAAAByZWZJZAAAAPD+//8IAAAADAAAAAAAAAAAAAAABAAAAG5hbWUAAAAAEP///wgAAAA8AAAAMAAAAHsidHlwZSI6ImRpcmVjdG9yeS1saXN0aW5nIiwicGF0aFNlcGFyYXRvciI6Ii8ifQAAAAAEAAAAbWV0YQAAAAACAAAAfAAAAAQAAACe////FAAAAEAAAABAAAAAAAAABTwAAAABAAAABAAAAIz///8IAAAAFAAAAAoAAABtZWRpYS10eXBlAAAEAAAAbmFtZQAAAAAAAAAAiP///woAAABtZWRpYS10eXBlAAAAABIAGAAUAAAAEwAMAAAACAAEABIAAAAUAAAARAAAAEgAAAAAAAAFRAAAAAEAAAAMAAAACAAMAAgABAAIAAAACAAAABAAAAAEAAAAbmFtZQAAAAAEAAAAbmFtZQAAAAAAAAAABAAEAAQAAAAEAAAAbmFtZQAAAADoAQAAQVJST1cx
