ðŸŒŸ This was machine generated.  Do not edit. ðŸŒŸ

Frame[0] {}
Name: 
Dimensions: 2 Fields by 1 Rows
+---------------------------------------+----------------+
| Name: Time                            | Name:          |
| Labels:                               | Labels:        |
| Type: []time.Time                     | Type: []*int64 |
+---------------------------------------+----------------+
| 2021-02-05 14:03:04.7009051 +0000 UTC | 42             |
+---------------------------------------+----------------+


====== TEST DATA RESPONSE (arrow base64) ======
FRAME=QVJST1cxAAD/////yAEAABAAAAAAAAoADgAMAAsABAAKAAAAFAAAAAAAAAEDAAoADAAAAAgABAAKAAAACAAAAHQAAAADAAAATAAAACgAAAAEAAAAzP7//wgAAAAMAAAAAAAAAAAAAAAFAAAAcmVmSWQAAADs/v//CAAAAAwAAAAAAAAAAAAAAAQAAABuYW1lAAAAAAz///8IAAAADAAAAAIAAAB7fQAABAAAAG1ldGEAAAAAAgAAALAAAAAYAAAAAAASABgAFAATABIADAAAAAgABAASAAAAFAAAAFwAAABkAAAAAAACAWgAAAACAAAAKAAAAAQAAABw////CAAAAAwAAAAAAAAAAAAAAAQAAABuYW1lAAAAAJD///8IAAAADAAAAAIAAAB7fQAABgAAAGxhYmVscwAAAAAAAAgADAAIAAcACAAAAAAAAAFAAAAAAAAAAAAAEgAYABQAAAATAAwAAAAIAAQAEgAAABQAAABEAAAATAAAAAAAAApMAAAAAQAAAAwAAAAIAAwACAAEAAgAAAAIAAAAEAAAAAQAAABUaW1lAAAAAAQAAABuYW1lAAAAAAAAAAAAAAYACAAGAAYAAAAAAAMABAAAAFRpbWUAAAAAAAAAAP////+4AAAAFAAAAAAAAAAMABYAFAATAAwABAAMAAAAEAAAAAAAAAAUAAAAAAAAAwMACgAYAAwACAAEAAoAAAAUAAAAWAAAAAEAAAAAAAAAAAAAAAQAAAAAAAAAAAAAAAAAAAAAAAAAAAAAAAAAAAAIAAAAAAAAAAgAAAAAAAAAAAAAAAAAAAAIAAAAAAAAAAgAAAAAAAAAAAAAAAIAAAABAAAAAAAAAAAAAAAAAAAAAQAAAAAAAAAAAAAAAAAAAIzmaQHv3mAWKgAAAAAAAAAQAAAADAAUABIADAAIAAQADAAAABAAAAAsAAAAOAAAAAAAAwABAAAA2AEAAAAAAADAAAAAAAAAABAAAAAAAAAAAAAAAAAAAAAAAAoADAAAAAgABAAKAAAACAAAAHQAAAADAAAATAAAACgAAAAEAAAAzP7//wgAAAAMAAAAAAAAAAAAAAAFAAAAcmVmSWQAAADs/v//CAAAAAwAAAAAAAAAAAAAAAQAAABuYW1lAAAAAAz///8IAAAADAAAAAIAAAB7fQAABAAAAG1ldGEAAAAAAgAAALAAAAAYAAAAAAASABgAFAATABIADAAAAAgABAASAAAAFAAAAFwAAABkAAAAAAACAWgAAAACAAAAKAAAAAQAAABw////CAAAAAwAAAAAAAAAAAAAAAQAAABuYW1lAAAAAJD///8IAAAADAAAAAIAAAB7fQAABgAAAGxhYmVscwAAAAAAAAgADAAIAAcACAAAAAAAAAFAAAAAAAAAAAAAEgAYABQAAAATAAwAAAAIAAQAEgAAABQAAABEAAAATAAAAAAAAApMAAAAAQAAAAwAAAAIAAwACAAEAAgAAAAIAAAAEAAAAAQAAABUaW1lAAAAAAQAAABuYW1lAAAAAAAAAAAAAAYACAAGAAYAAAAAAAMABAAAAFRpbWUAAAAA8AEAAEFSUk9XMQ==
