ðŸŒŸ This was machine generated.  Do not edit. ðŸŒŸ

Frame[0] 
Name: 
Dimensions: 8 Fields by 1 Rows
+-------------------------------+------------------+-----------------------+-----------------------+--------------------+--------------------+----------------------------+----------------------------+
| Name: Time                    | Name: ax         | Name: string_array[0] | Name: string_array[1] | Name: int_array[0] | Name: int_array[1] | Name: map_with_floats.key1 | Name: map_with_floats.key2 |
| Labels:                       | Labels:          | Labels:               | Labels:               | Labels:            | Labels:            | Labels:                    | Labels:                    |
| Type: []time.Time             | Type: []*float64 | Type: []*string       | Type: []*string       | Type: []*float64   | Type: []*float64   | Type: []*float64           | Type: []*float64           |
+-------------------------------+------------------+-----------------------+-----------------------+--------------------+--------------------+----------------------------+----------------------------+
| 2021-01-01 12:12:12 +0000 UTC | 1                | 1                     | 2                     | 1                  | 2                  | 2                          | 3                          |
+-------------------------------+------------------+-----------------------+-----------------------+--------------------+--------------------+----------------------------+----------------------------+


====== TEST DATA RESPONSE (arrow base64) ======
FRAME=QVJST1cxAAD/////MAQAABAAAAAAAAoADgAMAAsABAAKAAAAFAAAAAAAAAEDAAoADAAAAAgABAAKAAAACAAAAFAAAAACAAAAKAAAAAQAAABc/P//CAAAAAwAAAAAAAAAAAAAAAUAAAByZWZJZAAAAHz8//8IAAAADAAAAAAAAAAAAAAABAAAAG5hbWUAAAAACAAAAEADAADUAgAAUAIAAOQBAAB0AQAABAEAAIQAAAAEAAAAWv3//xQAAABMAAAATAAAAAAAAwFMAAAAAQAAAAQAAADg/P//CAAAACAAAAAUAAAAbWFwX3dpdGhfZmxvYXRzLmtleTIAAAAABAAAAG5hbWUAAAAAAAAAAOb8//8AAAIAFAAAAG1hcF93aXRoX2Zsb2F0cy5rZXkyAAAAANb9//8UAAAATAAAAEwAAAAAAAMBTAAAAAEAAAAEAAAAXP3//wgAAAAgAAAAFAAAAG1hcF93aXRoX2Zsb2F0cy5rZXkxAAAAAAQAAABuYW1lAAAAAAAAAABi/f//AAACABQAAABtYXBfd2l0aF9mbG9hdHMua2V5MQAAAABS/v//FAAAAEQAAABEAAAAAAADAUQAAAABAAAABAAAANj9//8IAAAAGAAAAAwAAABpbnRfYXJyYXlbMV0AAAAABAAAAG5hbWUAAAAAAAAAANb9//8AAAIADAAAAGludF9hcnJheVsxXQAAAAC+/v//FAAAAEQAAABEAAAAAAADAUQAAAABAAAABAAAAET+//8IAAAAGAAAAAwAAABpbnRfYXJyYXlbMF0AAAAABAAAAG5hbWUAAAAAAAAAAEL+//8AAAIADAAAAGludF9hcnJheVswXQAAAAAq////FAAAAEQAAABEAAAAAAAFAUAAAAABAAAABAAAALD+//8IAAAAGAAAAA8AAABzdHJpbmdfYXJyYXlbMV0ABAAAAG5hbWUAAAAAAAAAAJj///8PAAAAc3RyaW5nX2FycmF5WzFdAJL///8UAAAARAAAAEgAAAAAAAUBRAAAAAEAAAAEAAAAGP///wgAAAAYAAAADwAAAHN0cmluZ19hcnJheVswXQAEAAAAbmFtZQAAAAAAAAAABAAEAAQAAAAPAAAAc3RyaW5nX2FycmF5WzBdAAAAEgAYABQAEwASAAwAAAAIAAQAEgAAABQAAAA4AAAAOAAAAAAAAwE4AAAAAQAAAAQAAACY////CAAAAAwAAAACAAAAYXgAAAQAAABuYW1lAAAAAAAAAACK////AAACAAIAAABheAAAAAASABgAFAAAABMADAAAAAgABAASAAAAFAAAAEQAAABMAAAAAAAACkwAAAABAAAADAAAAAgADAAIAAQACAAAAAgAAAAQAAAABAAAAFRpbWUAAAAABAAAAG5hbWUAAAAAAAAAAAAABgAIAAYABgAAAAAAAwAEAAAAVGltZQAAAAD/////+AEAABQAAAAAAAAADAAWABQAEwAMAAQADAAAAFAAAAAAAAAAFAAAAAAAAAMDAAoAGAAMAAgABAAKAAAAFAAAADgBAAABAAAAAAAAAAAAAAASAAAAAAAAAAAAAAAAAAAAAAAAAAAAAAAAAAAACAAAAAAAAAAIAAAAAAAAAAAAAAAAAAAACAAAAAAAAAAIAAAAAAAAABAAAAAAAAAAAAAAAAAAAAAQAAAAAAAAAAgAAAAAAAAAGAAAAAAAAAAIAAAAAAAAACAAAAAAAAAAAAAAAAAAAAAgAAAAAAAAAAgAAAAAAAAAKAAAAAAAAAAIAAAAAAAAADAAAAAAAAAAAAAAAAAAAAAwAAAAAAAAAAgAAAAAAAAAOAAAAAAAAAAAAAAAAAAAADgAAAAAAAAACAAAAAAAAABAAAAAAAAAAAAAAAAAAAAAQAAAAAAAAAAIAAAAAAAAAEgAAAAAAAAAAAAAAAAAAABIAAAAAAAAAAgAAAAAAAAAAAAAAAgAAAABAAAAAAAAAAAAAAAAAAAAAQAAAAAAAAAAAAAAAAAAAAEAAAAAAAAAAAAAAAAAAAABAAAAAAAAAAAAAAAAAAAAAQAAAAAAAAAAAAAAAAAAAAEAAAAAAAAAAAAAAAAAAAABAAAAAAAAAAAAAAAAAAAAAQAAAAAAAAAAAAAAAAAAAAAYvS+SGlYWAAAAAAAA8D8AAAAAAQAAADEAAAAAAAAAAAAAAAEAAAAyAAAAAAAAAAAAAAAAAPA/AAAAAAAAAEAAAAAAAAAAQAAAAAAAAAhAEAAAAAwAFAASAAwACAAEAAwAAAAQAAAALAAAADwAAAAAAAMAAQAAAEAEAAAAAAAAAAIAAAAAAABQAAAAAAAAAAAAAAAAAAAAAAAAAAAACgAMAAAACAAEAAoAAAAIAAAAUAAAAAIAAAAoAAAABAAAAFz8//8IAAAADAAAAAAAAAAAAAAABQAAAHJlZklkAAAAfPz//wgAAAAMAAAAAAAAAAAAAAAEAAAAbmFtZQAAAAAIAAAAQAMAANQCAABQAgAA5AEAAHQBAAAEAQAAhAAAAAQAAABa/f//FAAAAEwAAABMAAAAAAADAUwAAAABAAAABAAAAOD8//8IAAAAIAAAABQAAABtYXBfd2l0aF9mbG9hdHMua2V5MgAAAAAEAAAAbmFtZQAAAAAAAAAA5vz//wAAAgAUAAAAbWFwX3dpdGhfZmxvYXRzLmtleTIAAAAA1v3//xQAAABMAAAATAAAAAAAAwFMAAAAAQAAAAQAAABc/f//CAAAACAAAAAUAAAAbWFwX3dpdGhfZmxvYXRzLmtleTEAAAAABAAAAG5hbWUAAAAAAAAAAGL9//8AAAIAFAAAAG1hcF93aXRoX2Zsb2F0cy5rZXkxAAAAAFL+//8UAAAARAAAAEQAAAAAAAMBRAAAAAEAAAAEAAAA2P3//wgAAAAYAAAADAAAAGludF9hcnJheVsxXQAAAAAEAAAAbmFtZQAAAAAAAAAA1v3//wAAAgAMAAAAaW50X2FycmF5WzFdAAAAAL7+//8UAAAARAAAAEQAAAAAAAMBRAAAAAEAAAAEAAAARP7//wgAAAAYAAAADAAAAGludF9hcnJheVswXQAAAAAEAAAAbmFtZQAAAAAAAAAAQv7//wAAAgAMAAAAaW50X2FycmF5WzBdAAAAACr///8UAAAARAAAAEQAAAAAAAUBQAAAAAEAAAAEAAAAsP7//wgAAAAYAAAADwAAAHN0cmluZ19hcnJheVsxXQAEAAAAbmFtZQAAAAAAAAAAmP///w8AAABzdHJpbmdfYXJyYXlbMV0Akv///xQAAABEAAAASAAAAAAABQFEAAAAAQAAAAQAAAAY////CAAAABgAAAAPAAAAc3RyaW5nX2FycmF5WzBdAAQAAABuYW1lAAAAAAAAAAAEAAQABAAAAA8AAABzdHJpbmdfYXJyYXlbMF0AAAASABgAFAATABIADAAAAAgABAASAAAAFAAAADgAAAA4AAAAAAADATgAAAABAAAABAAAAJj///8IAAAADAAAAAIAAABheAAABAAAAG5hbWUAAAAAAAAAAIr///8AAAIAAgAAAGF4AAAAABIAGAAUAAAAEwAMAAAACAAEABIAAAAUAAAARAAAAEwAAAAAAAAKTAAAAAEAAAAMAAAACAAMAAgABAAIAAAACAAAABAAAAAEAAAAVGltZQAAAAAEAAAAbmFtZQAAAAAAAAAAAAAGAAgABgAGAAAAAAADAAQAAABUaW1lAAAAAGAEAABBUlJPVzE=
