// Jest Snapshot v1, https://goo.gl/fbAQLP

exports[`Render should render component 1`] = `
<Component
  onAdd={[Function]}
  title="Add value mapping"
>
  <MappingRow
    key="Ok-0"
    removeValueMapping={[Function]}
    updateValueMapping={[Function]}
    valueMapping={
      Object {
        "id": 1,
        "operator": "",
        "text": "Ok",
        "type": 1,
        "value": "20",
      }
    }
  />
  <MappingRow
    key="Meh-1"
    removeValueMapping={[Function]}
    updateValueMapping={[Function]}
    valueMapping={
      Object {
        "from": "21",
        "id": 2,
        "operator": "",
        "text": "Meh",
        "to": "30",
        "type": 2,
      }
    }
  />
</Component>
`;
