ðŸŒŸ This was machine generated.  Do not edit. ðŸŒŸ

Frame[0] {
    "type": "directory-listing",
    "custom": {
        "HasMore": false
    }
}
Name: 
Dimensions: 3 Fields by 7 Rows
+--------------------------+-------------------------+---------------+
| Name: name               | Name: mediaType         | Name: size    |
| Labels:                  | Labels:                 | Labels:       |
| Type: []string           | Type: []string          | Type: []int64 |
+--------------------------+-------------------------+---------------+
| browser_marketshare.csv  | text/csv; charset=utf-8 | 355           |
| flight_info_by_state.csv | text/csv; charset=utf-8 | 681           |
| gdp_per_capita.csv       | text/csv; charset=utf-8 | 4116          |
| js_libraries.csv         | text/csv; charset=utf-8 | 179           |
| ohlc_dogecoin.csv        | text/csv; charset=utf-8 | 191804        |
| population_by_state.csv  | text/csv; charset=utf-8 | 138           |
| weight_height.csv        | text/csv; charset=utf-8 | 418121        |
+--------------------------+-------------------------+---------------+


====== TEST DATA RESPONSE (arrow base64) ======
FRAME=QVJST1cxAAD/////WAIAABAAAAAAAAoADgAMAAsABAAKAAAAFAAAAAAAAAEEAAoADAAAAAgABAAKAAAACAAAAKgAAAADAAAATAAAACgAAAAEAAAAMP7//wgAAAAMAAAAAAAAAAAAAAAFAAAAcmVmSWQAAABQ/v//CAAAAAwAAAAAAAAAAAAAAAQAAABuYW1lAAAAAHD+//8IAAAAQAAAADcAAAB7InR5cGUiOiJkaXJlY3RvcnktbGlzdGluZyIsImN1c3RvbSI6eyJIYXNNb3JlIjpmYWxzZX19AAQAAABtZXRhAAAAAAMAAAAYAQAApAAAAAQAAAAG////FAAAAHAAAAB4AAAAAAAAAnwAAAACAAAALAAAAAQAAAD4/v//CAAAABAAAAAEAAAAc2l6ZQAAAAAEAAAAbmFtZQAAAAAc////CAAAABwAAAAQAAAAeyJ1bml0IjoiYnl0ZXMifQAAAAAGAAAAY29uZmlnAAAAAAAACAAMAAgABwAIAAAAAAAAAUAAAAAEAAAAc2l6ZQAAAACi////FAAAAEAAAABAAAAAAAAABTwAAAABAAAABAAAAJD///8IAAAAFAAAAAkAAABtZWRpYVR5cGUAAAAEAAAAbmFtZQAAAAAAAAAAjP///wkAAABtZWRpYVR5cGUAEgAYABQAAAATAAwAAAAIAAQAEgAAABQAAABEAAAASAAAAAAAAAVEAAAAAQAAAAwAAAAIAAwACAAEAAgAAAAIAAAAEAAAAAQAAABuYW1lAAAAAAQAAABuYW1lAAAAAAAAAAAEAAQABAAAAAQAAABuYW1lAAAAAP////8IAQAAFAAAAAAAAAAMABYAFAATAAwABAAMAAAAsAEAAAAAAAAUAAAAAAAAAwQACgAYAAwACAAEAAoAAAAUAAAAmAAAAAcAAAAAAAAAAAAAAAgAAAAAAAAAAAAAAAAAAAAAAAAAAAAAAAAAAAAgAAAAAAAAACAAAAAAAAAAigAAAAAAAACwAAAAAAAAAAAAAAAAAAAAsAAAAAAAAAAgAAAAAAAAANAAAAAAAAAAoQAAAAAAAAB4AQAAAAAAAAAAAAAAAAAAeAEAAAAAAAA4AAAAAAAAAAAAAAADAAAABwAAAAAAAAAAAAAAAAAAAAcAAAAAAAAAAAAAAAAAAAAHAAAAAAAAAAAAAAAAAAAAAAAAABcAAAAvAAAAQQAAAFEAAABiAAAAeQAAAIoAAABicm93c2VyX21hcmtldHNoYXJlLmNzdmZsaWdodF9pbmZvX2J5X3N0YXRlLmNzdmdkcF9wZXJfY2FwaXRhLmNzdmpzX2xpYnJhcmllcy5jc3ZvaGxjX2RvZ2Vjb2luLmNzdnBvcHVsYXRpb25fYnlfc3RhdGUuY3N2d2VpZ2h0X2hlaWdodC5jc3YAAAAAAAAAAAAAFwAAAC4AAABFAAAAXAAAAHMAAACKAAAAoQAAAHRleHQvY3N2OyBjaGFyc2V0PXV0Zi04dGV4dC9jc3Y7IGNoYXJzZXQ9dXRmLTh0ZXh0L2NzdjsgY2hhcnNldD11dGYtOHRleHQvY3N2OyBjaGFyc2V0PXV0Zi04dGV4dC9jc3Y7IGNoYXJzZXQ9dXRmLTh0ZXh0L2NzdjsgY2hhcnNldD11dGYtOHRleHQvY3N2OyBjaGFyc2V0PXV0Zi04AAAAAAAAAGMBAAAAAAAAqQIAAAAAAAAUEAAAAAAAALMAAAAAAAAAPO0CAAAAAACKAAAAAAAAAElhBgAAAAAAEAAAAAwAFAASAAwACAAEAAwAAAAQAAAALAAAADwAAAAAAAQAAQAAAGgCAAAAAAAAEAEAAAAAAACwAQAAAAAAAAAAAAAAAAAAAAAAAAAACgAMAAAACAAEAAoAAAAIAAAAqAAAAAMAAABMAAAAKAAAAAQAAAAw/v//CAAAAAwAAAAAAAAAAAAAAAUAAAByZWZJZAAAAFD+//8IAAAADAAAAAAAAAAAAAAABAAAAG5hbWUAAAAAcP7//wgAAABAAAAANwAAAHsidHlwZSI6ImRpcmVjdG9yeS1saXN0aW5nIiwiY3VzdG9tIjp7Ikhhc01vcmUiOmZhbHNlfX0ABAAAAG1ldGEAAAAAAwAAABgBAACkAAAABAAAAAb///8UAAAAcAAAAHgAAAAAAAACfAAAAAIAAAAsAAAABAAAAPj+//8IAAAAEAAAAAQAAABzaXplAAAAAAQAAABuYW1lAAAAABz///8IAAAAHAAAABAAAAB7InVuaXQiOiJieXRlcyJ9AAAAAAYAAABjb25maWcAAAAAAAAIAAwACAAHAAgAAAAAAAABQAAAAAQAAABzaXplAAAAAKL///8UAAAAQAAAAEAAAAAAAAAFPAAAAAEAAAAEAAAAkP///wgAAAAUAAAACQAAAG1lZGlhVHlwZQAAAAQAAABuYW1lAAAAAAAAAACM////CQAAAG1lZGlhVHlwZQASABgAFAAAABMADAAAAAgABAASAAAAFAAAAEQAAABIAAAAAAAABUQAAAABAAAADAAAAAgADAAIAAQACAAAAAgAAAAQAAAABAAAAG5hbWUAAAAABAAAAG5hbWUAAAAAAAAAAAQABAAEAAAABAAAAG5hbWUAAAAAiAIAAEFSUk9XMQ==
