// Jest Snapshot v1, https://goo.gl/fbAQLP

exports[`<CopyIcon /> renders as expected 1`] = `
<Tooltip
  content="tooltipTitleValue"
>
  <Button
    className="css-oqwzau classNameValue"
    icon="copy"
    onClick={[Function]}
    type="button"
  />
</Tooltip>
`;
