ðŸŒŸ This was machine generated.  Do not edit. ðŸŒŸ

Frame[0] {
    "executedQueryString": "Expr: up(ALERTS)\nStep: 42s"
}
Name: {level="error"}
Dimensions: 2 Fields by 4 Rows
+-----------------------------------+---------------------+
| Name: time                        | Name: value         |
| Labels:                           | Labels: level=error |
| Type: []time.Time                 | Type: []float64     |
+-----------------------------------+---------------------+
| 2021-12-10 08:36:06.511 +0000 UTC | 0.4                 |
| 2021-12-10 08:36:46.512 +0000 UTC | 0.2                 |
| 2021-12-10 08:36:56.513 +0000 UTC | 0.2                 |
| 2021-12-10 08:37:46.514 +0000 UTC | 0.6                 |
+-----------------------------------+---------------------+


====== TEST DATA RESPONSE (arrow base64) ======
FRAME=QVJST1cxAAD/////gAIAABAAAAAAAAoADgAMAAsABAAKAAAAFAAAAAAAAAEEAAoADAAAAAgABAAKAAAACAAAALQAAAADAAAAWAAAACgAAAAEAAAAIP7//wgAAAAMAAAAAAAAAAAAAAAFAAAAcmVmSWQAAABA/v//CAAAABgAAAAPAAAAe2xldmVsPSJlcnJvciJ9AAQAAABuYW1lAAAAAGz+//8IAAAAQAAAADUAAAB7ImV4ZWN1dGVkUXVlcnlTdHJpbmciOiJFeHByOiB1cChBTEVSVFMpXG5TdGVwOiA0MnMifQAAAAQAAABtZXRhAAAAAAIAAAD0AAAABAAAACb///8UAAAAvAAAALwAAAAAAAADvAAAAAMAAABgAAAALAAAAAQAAAD0/v//CAAAABAAAAAFAAAAdmFsdWUAAAAEAAAAbmFtZQAAAAAY////CAAAABwAAAARAAAAeyJsZXZlbCI6ImVycm9yIn0AAAAGAAAAbGFiZWxzAABI////CAAAADQAAAApAAAAeyJkaXNwbGF5TmFtZUZyb21EUyI6IntsZXZlbD1cImVycm9yXCJ9In0AAAAGAAAAY29uZmlnAAAAAAAAVv///wAAAgAFAAAAdmFsdWUAEgAYABQAAAATAAwAAAAIAAQAEgAAABQAAAB4AAAAgAAAAAAAAAqAAAAAAgAAADQAAAAEAAAA3P///wgAAAAQAAAABAAAAHRpbWUAAAAABAAAAG5hbWUAAAAACAAMAAgABAAIAAAACAAAABwAAAASAAAAeyJpbnRlcnZhbCI6NDIwMDB9AAAGAAAAY29uZmlnAAAAAAAAAAAGAAgABgAGAAAAAAADAAQAAAB0aW1lAAAAAAAAAAD/////uAAAABQAAAAAAAAADAAWABQAEwAMAAQADAAAAEAAAAAAAAAAFAAAAAAAAAMEAAoAGAAMAAgABAAKAAAAFAAAAFgAAAAEAAAAAAAAAAAAAAAEAAAAAAAAAAAAAAAAAAAAAAAAAAAAAAAAAAAAIAAAAAAAAAAgAAAAAAAAAAAAAAAAAAAAIAAAAAAAAAAgAAAAAAAAAAAAAAACAAAABAAAAAAAAAAAAAAAAAAAAAQAAAAAAAAAAAAAAAAAAADAWTgd1le/FgAsd23fV78WQFKSweFXvxaACN1l7Ve/FpqZmZmZmdk/mpmZmZmZyT+amZmZmZnJPzMzMzMzM+M/EAAAAAwAFAASAAwACAAEAAwAAAAQAAAALAAAADgAAAAAAAQAAQAAAJACAAAAAAAAwAAAAAAAAABAAAAAAAAAAAAAAAAAAAAAAAAKAAwAAAAIAAQACgAAAAgAAAC0AAAAAwAAAFgAAAAoAAAABAAAACD+//8IAAAADAAAAAAAAAAAAAAABQAAAHJlZklkAAAAQP7//wgAAAAYAAAADwAAAHtsZXZlbD0iZXJyb3IifQAEAAAAbmFtZQAAAABs/v//CAAAAEAAAAA1AAAAeyJleGVjdXRlZFF1ZXJ5U3RyaW5nIjoiRXhwcjogdXAoQUxFUlRTKVxuU3RlcDogNDJzIn0AAAAEAAAAbWV0YQAAAAACAAAA9AAAAAQAAAAm////FAAAALwAAAC8AAAAAAAAA7wAAAADAAAAYAAAACwAAAAEAAAA9P7//wgAAAAQAAAABQAAAHZhbHVlAAAABAAAAG5hbWUAAAAAGP///wgAAAAcAAAAEQAAAHsibGV2ZWwiOiJlcnJvciJ9AAAABgAAAGxhYmVscwAASP///wgAAAA0AAAAKQAAAHsiZGlzcGxheU5hbWVGcm9tRFMiOiJ7bGV2ZWw9XCJlcnJvclwifSJ9AAAABgAAAGNvbmZpZwAAAAAAAFb///8AAAIABQAAAHZhbHVlABIAGAAUAAAAEwAMAAAACAAEABIAAAAUAAAAeAAAAIAAAAAAAAAKgAAAAAIAAAA0AAAABAAAANz///8IAAAAEAAAAAQAAAB0aW1lAAAAAAQAAABuYW1lAAAAAAgADAAIAAQACAAAAAgAAAAcAAAAEgAAAHsiaW50ZXJ2YWwiOjQyMDAwfQAABgAAAGNvbmZpZwAAAAAAAAAABgAIAAYABgAAAAAAAwAEAAAAdGltZQAAAACoAgAAQVJST1cx
