ðŸŒŸ This was machine generated.  Do not edit. ðŸŒŸ

Frame[0] {
    "executedQueryString": "Expr: up(ALERTS)\nStep: 42s"
}
Name: {level="error", location="moon"}
Dimensions: 2 Fields by 4 Rows
+-----------------------------------+------------------------------------+
| Name: time                        | Name: value                        |
| Labels:                           | Labels: level=error, location=moon |
| Type: []time.Time                 | Type: []float64                    |
+-----------------------------------+------------------------------------+
| 2021-12-10 08:36:06.989 +0000 UTC | 0.4                                |
| 2021-12-10 08:36:46.989 +0000 UTC | 0.2                                |
| 2021-12-10 08:36:56.989 +0000 UTC | 0.2                                |
| 2021-12-10 08:37:46.989 +0000 UTC | 0.6                                |
+-----------------------------------+------------------------------------+



Frame[1] {
    "executedQueryString": "Expr: up(ALERTS)\nStep: 42s"
}
Name: {level="info", location="mars"}
Dimensions: 2 Fields by 5 Rows
+-----------------------------------+-----------------------------------+
| Name: time                        | Name: value                       |
| Labels:                           | Labels: level=info, location=mars |
| Type: []time.Time                 | Type: []float64                   |
+-----------------------------------+-----------------------------------+
| 2021-12-10 08:36:26.989 +0000 UTC | 0.6                               |
| 2021-12-10 08:36:36.989 +0000 UTC | 0.8                               |
| 2021-12-10 08:36:46.989 +0000 UTC | 0.8                               |
| 2021-12-10 08:36:56.989 +0000 UTC | 0.8                               |
| 2021-12-10 08:37:56.989 +0000 UTC | 2.6                               |
+-----------------------------------+-----------------------------------+


====== TEST DATA RESPONSE (arrow base64) ======
FRAME=QVJST1cxAAD/////uAIAABAAAAAAAAoADgAMAAsABAAKAAAAFAAAAAAAAAEEAAoADAAAAAgABAAKAAAACAAAAMgAAAADAAAAbAAAACgAAAAEAAAA6P3//wgAAAAMAAAAAAAAAAAAAAAFAAAAcmVmSWQAAAAI/v//CAAAACwAAAAgAAAAe2xldmVsPSJlcnJvciIsIGxvY2F0aW9uPSJtb29uIn0AAAAABAAAAG5hbWUAAAAASP7//wgAAABAAAAANQAAAHsiZXhlY3V0ZWRRdWVyeVN0cmluZyI6IkV4cHI6IHVwKEFMRVJUUylcblN0ZXA6IDQycyJ9AAAABAAAAG1ldGEAAAAAAgAAABgBAAAEAAAAAv///xQAAADgAAAA4AAAAAAAAAPgAAAAAwAAAHAAAAAsAAAABAAAAND+//8IAAAAEAAAAAUAAAB2YWx1ZQAAAAQAAABuYW1lAAAAAPT+//8IAAAALAAAACMAAAB7ImxldmVsIjoiZXJyb3IiLCJsb2NhdGlvbiI6Im1vb24ifQAGAAAAbGFiZWxzAAA0////CAAAAEgAAAA8AAAAeyJkaXNwbGF5TmFtZUZyb21EUyI6IntsZXZlbD1cImVycm9yXCIsIGxvY2F0aW9uPVwibW9vblwifSJ9AAAAAAYAAABjb25maWcAAAAAAABW////AAACAAUAAAB2YWx1ZQASABgAFAAAABMADAAAAAgABAASAAAAFAAAAHgAAACAAAAAAAAACoAAAAACAAAANAAAAAQAAADc////CAAAABAAAAAEAAAAdGltZQAAAAAEAAAAbmFtZQAAAAAIAAwACAAEAAgAAAAIAAAAHAAAABIAAAB7ImludGVydmFsIjo0MjAwMH0AAAYAAABjb25maWcAAAAAAAAAAAYACAAGAAYAAAAAAAMABAAAAHRpbWUAAAAAAAAAAP////+4AAAAFAAAAAAAAAAMABYAFAATAAwABAAMAAAAQAAAAAAAAAAUAAAAAAAAAwQACgAYAAwACAAEAAoAAAAUAAAAWAAAAAQAAAAAAAAAAAAAAAQAAAAAAAAAAAAAAAAAAAAAAAAAAAAAAAAAAAAgAAAAAAAAACAAAAAAAAAAAAAAAAAAAAAgAAAAAAAAACAAAAAAAAAAAAAAAAIAAAAEAAAAAAAAAAAAAAAAAAAABAAAAAAAAAAAAAAAAAAAAEANtjnWV78WQJ3lid9XvxZAgfHd4Ve/FkD1LILtV78WmpmZmZmZ2T+amZmZmZnJP5qZmZmZmck/MzMzMzMz4z8QAAAADAAUABIADAAIAAQADAAAABAAAAAsAAAAOAAAAAAABAABAAAAyAIAAAAAAADAAAAAAAAAAEAAAAAAAAAAAAAAAAAAAAAAAAoADAAAAAgABAAKAAAACAAAAMgAAAADAAAAbAAAACgAAAAEAAAA6P3//wgAAAAMAAAAAAAAAAAAAAAFAAAAcmVmSWQAAAAI/v//CAAAACwAAAAgAAAAe2xldmVsPSJlcnJvciIsIGxvY2F0aW9uPSJtb29uIn0AAAAABAAAAG5hbWUAAAAASP7//wgAAABAAAAANQAAAHsiZXhlY3V0ZWRRdWVyeVN0cmluZyI6IkV4cHI6IHVwKEFMRVJUUylcblN0ZXA6IDQycyJ9AAAABAAAAG1ldGEAAAAAAgAAABgBAAAEAAAAAv///xQAAADgAAAA4AAAAAAAAAPgAAAAAwAAAHAAAAAsAAAABAAAAND+//8IAAAAEAAAAAUAAAB2YWx1ZQAAAAQAAABuYW1lAAAAAPT+//8IAAAALAAAACMAAAB7ImxldmVsIjoiZXJyb3IiLCJsb2NhdGlvbiI6Im1vb24ifQAGAAAAbGFiZWxzAAA0////CAAAAEgAAAA8AAAAeyJkaXNwbGF5TmFtZUZyb21EUyI6IntsZXZlbD1cImVycm9yXCIsIGxvY2F0aW9uPVwibW9vblwifSJ9AAAAAAYAAABjb25maWcAAAAAAABW////AAACAAUAAAB2YWx1ZQASABgAFAAAABMADAAAAAgABAASAAAAFAAAAHgAAACAAAAAAAAACoAAAAACAAAANAAAAAQAAADc////CAAAABAAAAAEAAAAdGltZQAAAAAEAAAAbmFtZQAAAAAIAAwACAAEAAgAAAAIAAAAHAAAABIAAAB7ImludGVydmFsIjo0MjAwMH0AAAYAAABjb25maWcAAAAAAAAAAAYACAAGAAYAAAAAAAMABAAAAHRpbWUAAAAA4AIAAEFSUk9XMQ==
FRAME=QVJST1cxAAD/////sAIAABAAAAAAAAoADgAMAAsABAAKAAAAFAAAAAAAAAEEAAoADAAAAAgABAAKAAAACAAAAMQAAAADAAAAaAAAACgAAAAEAAAA8P3//wgAAAAMAAAAAAAAAAAAAAAFAAAAcmVmSWQAAAAQ/v//CAAAACgAAAAfAAAAe2xldmVsPSJpbmZvIiwgbG9jYXRpb249Im1hcnMifQAEAAAAbmFtZQAAAABM/v//CAAAAEAAAAA1AAAAeyJleGVjdXRlZFF1ZXJ5U3RyaW5nIjoiRXhwcjogdXAoQUxFUlRTKVxuU3RlcDogNDJzIn0AAAAEAAAAbWV0YQAAAAACAAAAFAEAAAQAAAAG////FAAAANwAAADcAAAAAAAAA9wAAAADAAAAcAAAACwAAAAEAAAA1P7//wgAAAAQAAAABQAAAHZhbHVlAAAABAAAAG5hbWUAAAAA+P7//wgAAAAsAAAAIgAAAHsibGV2ZWwiOiJpbmZvIiwibG9jYXRpb24iOiJtYXJzIn0AAAYAAABsYWJlbHMAADj///8IAAAARAAAADsAAAB7ImRpc3BsYXlOYW1lRnJvbURTIjoie2xldmVsPVwiaW5mb1wiLCBsb2NhdGlvbj1cIm1hcnNcIn0ifQAGAAAAY29uZmlnAAAAAAAAVv///wAAAgAFAAAAdmFsdWUAEgAYABQAAAATAAwAAAAIAAQAEgAAABQAAAB4AAAAgAAAAAAAAAqAAAAAAgAAADQAAAAEAAAA3P///wgAAAAQAAAABAAAAHRpbWUAAAAABAAAAG5hbWUAAAAACAAMAAgABAAIAAAACAAAABwAAAASAAAAeyJpbnRlcnZhbCI6NDIwMDB9AAAGAAAAY29uZmlnAAAAAAAAAAAGAAgABgAGAAAAAAADAAQAAAB0aW1lAAAAAAAAAAD/////uAAAABQAAAAAAAAADAAWABQAEwAMAAQADAAAAFAAAAAAAAAAFAAAAAAAAAMEAAoAGAAMAAgABAAKAAAAFAAAAFgAAAAFAAAAAAAAAAAAAAAEAAAAAAAAAAAAAAAAAAAAAAAAAAAAAAAAAAAAKAAAAAAAAAAoAAAAAAAAAAAAAAAAAAAAKAAAAAAAAAAoAAAAAAAAAAAAAAACAAAABQAAAAAAAAAAAAAAAAAAAAUAAAAAAAAAAAAAAAAAAABA1c3h2le/FkC52TXdV78WQJ3lid9XvxZAgfHd4Ve/FkDZONbvV78WMzMzMzMz4z+amZmZmZnpP5qZmZmZmek/mpmZmZmZ6T/NzMzMzMwEQBAAAAAMABQAEgAMAAgABAAMAAAAEAAAACwAAAA4AAAAAAAEAAEAAADAAgAAAAAAAMAAAAAAAAAAUAAAAAAAAAAAAAAAAAAAAAAACgAMAAAACAAEAAoAAAAIAAAAxAAAAAMAAABoAAAAKAAAAAQAAADw/f//CAAAAAwAAAAAAAAAAAAAAAUAAAByZWZJZAAAABD+//8IAAAAKAAAAB8AAAB7bGV2ZWw9ImluZm8iLCBsb2NhdGlvbj0ibWFycyJ9AAQAAABuYW1lAAAAAEz+//8IAAAAQAAAADUAAAB7ImV4ZWN1dGVkUXVlcnlTdHJpbmciOiJFeHByOiB1cChBTEVSVFMpXG5TdGVwOiA0MnMifQAAAAQAAABtZXRhAAAAAAIAAAAUAQAABAAAAAb///8UAAAA3AAAANwAAAAAAAAD3AAAAAMAAABwAAAALAAAAAQAAADU/v//CAAAABAAAAAFAAAAdmFsdWUAAAAEAAAAbmFtZQAAAAD4/v//CAAAACwAAAAiAAAAeyJsZXZlbCI6ImluZm8iLCJsb2NhdGlvbiI6Im1hcnMifQAABgAAAGxhYmVscwAAOP///wgAAABEAAAAOwAAAHsiZGlzcGxheU5hbWVGcm9tRFMiOiJ7bGV2ZWw9XCJpbmZvXCIsIGxvY2F0aW9uPVwibWFyc1wifSJ9AAYAAABjb25maWcAAAAAAABW////AAACAAUAAAB2YWx1ZQASABgAFAAAABMADAAAAAgABAASAAAAFAAAAHgAAACAAAAAAAAACoAAAAACAAAANAAAAAQAAADc////CAAAABAAAAAEAAAAdGltZQAAAAAEAAAAbmFtZQAAAAAIAAwACAAEAAgAAAAIAAAAHAAAABIAAAB7ImludGVydmFsIjo0MjAwMH0AAAYAAABjb25maWcAAAAAAAAAAAYACAAGAAYAAAAAAAMABAAAAHRpbWUAAAAA2AIAAEFSUk9XMQ==
