ðŸŒŸ This was machine generated.  Do not edit. ðŸŒŸ

Frame[0] {
    "executedQueryString": "Expr: up(ALERTS)\nStep: 42s"
}
Name: {__name__="moon", level="error"}
Dimensions: 2 Fields by 1 Rows
+-----------------------------------+------------------------------------+
| Name: time                        | Name: value                        |
| Labels:                           | Labels: __name__=moon, level=error |
| Type: []time.Time                 | Type: []float64                    |
+-----------------------------------+------------------------------------+
| 2021-12-10 08:36:06.989 +0000 UTC | 0.4                                |
+-----------------------------------+------------------------------------+


====== TEST DATA RESPONSE (arrow base64) ======
FRAME=QVJST1cxAAD/////uAIAABAAAAAAAAoADgAMAAsABAAKAAAAFAAAAAAAAAEEAAoADAAAAAgABAAKAAAACAAAAMgAAAADAAAAbAAAACgAAAAEAAAA6P3//wgAAAAMAAAAAAAAAAAAAAAFAAAAcmVmSWQAAAAI/v//CAAAACwAAAAgAAAAe19fbmFtZV9fPSJtb29uIiwgbGV2ZWw9ImVycm9yIn0AAAAABAAAAG5hbWUAAAAASP7//wgAAABAAAAANQAAAHsiZXhlY3V0ZWRRdWVyeVN0cmluZyI6IkV4cHI6IHVwKEFMRVJUUylcblN0ZXA6IDQycyJ9AAAABAAAAG1ldGEAAAAAAgAAABgBAAAEAAAAAv///xQAAADgAAAA4AAAAAAAAAPgAAAAAwAAAHAAAAAsAAAABAAAAND+//8IAAAAEAAAAAUAAAB2YWx1ZQAAAAQAAABuYW1lAAAAAPT+//8IAAAALAAAACMAAAB7Il9fbmFtZV9fIjoibW9vbiIsImxldmVsIjoiZXJyb3IifQAGAAAAbGFiZWxzAAA0////CAAAAEgAAAA8AAAAeyJkaXNwbGF5TmFtZUZyb21EUyI6IntfX25hbWVfXz1cIm1vb25cIiwgbGV2ZWw9XCJlcnJvclwifSJ9AAAAAAYAAABjb25maWcAAAAAAABW////AAACAAUAAAB2YWx1ZQASABgAFAAAABMADAAAAAgABAASAAAAFAAAAHgAAACAAAAAAAAACoAAAAACAAAANAAAAAQAAADc////CAAAABAAAAAEAAAAdGltZQAAAAAEAAAAbmFtZQAAAAAIAAwACAAEAAgAAAAIAAAAHAAAABIAAAB7ImludGVydmFsIjo0MjAwMH0AAAYAAABjb25maWcAAAAAAAAAAAYACAAGAAYAAAAAAAMABAAAAHRpbWUAAAAAAAAAAP////+4AAAAFAAAAAAAAAAMABYAFAATAAwABAAMAAAAEAAAAAAAAAAUAAAAAAAAAwQACgAYAAwACAAEAAoAAAAUAAAAWAAAAAEAAAAAAAAAAAAAAAQAAAAAAAAAAAAAAAAAAAAAAAAAAAAAAAAAAAAIAAAAAAAAAAgAAAAAAAAAAAAAAAAAAAAIAAAAAAAAAAgAAAAAAAAAAAAAAAIAAAABAAAAAAAAAAAAAAAAAAAAAQAAAAAAAAAAAAAAAAAAAEANtjnWV78WmpmZmZmZ2T8QAAAADAAUABIADAAIAAQADAAAABAAAAAsAAAAOAAAAAAABAABAAAAyAIAAAAAAADAAAAAAAAAABAAAAAAAAAAAAAAAAAAAAAAAAoADAAAAAgABAAKAAAACAAAAMgAAAADAAAAbAAAACgAAAAEAAAA6P3//wgAAAAMAAAAAAAAAAAAAAAFAAAAcmVmSWQAAAAI/v//CAAAACwAAAAgAAAAe19fbmFtZV9fPSJtb29uIiwgbGV2ZWw9ImVycm9yIn0AAAAABAAAAG5hbWUAAAAASP7//wgAAABAAAAANQAAAHsiZXhlY3V0ZWRRdWVyeVN0cmluZyI6IkV4cHI6IHVwKEFMRVJUUylcblN0ZXA6IDQycyJ9AAAABAAAAG1ldGEAAAAAAgAAABgBAAAEAAAAAv///xQAAADgAAAA4AAAAAAAAAPgAAAAAwAAAHAAAAAsAAAABAAAAND+//8IAAAAEAAAAAUAAAB2YWx1ZQAAAAQAAABuYW1lAAAAAPT+//8IAAAALAAAACMAAAB7Il9fbmFtZV9fIjoibW9vbiIsImxldmVsIjoiZXJyb3IifQAGAAAAbGFiZWxzAAA0////CAAAAEgAAAA8AAAAeyJkaXNwbGF5TmFtZUZyb21EUyI6IntfX25hbWVfXz1cIm1vb25cIiwgbGV2ZWw9XCJlcnJvclwifSJ9AAAAAAYAAABjb25maWcAAAAAAABW////AAACAAUAAAB2YWx1ZQASABgAFAAAABMADAAAAAgABAASAAAAFAAAAHgAAACAAAAAAAAACoAAAAACAAAANAAAAAQAAADc////CAAAABAAAAAEAAAAdGltZQAAAAAEAAAAbmFtZQAAAAAIAAwACAAEAAgAAAAIAAAAHAAAABIAAAB7ImludGVydmFsIjo0MjAwMH0AAAYAAABjb25maWcAAAAAAAAAAAYACAAGAAYAAAAAAAMABAAAAHRpbWUAAAAA4AIAAEFSUk9XMQ==
