ðŸŒŸ This was machine generated.  Do not edit. ðŸŒŸ

Frame[0] {
    "stats": [
        {
            "displayName": "Summary: bytes processed per second",
            "unit": "Bps",
            "value": 3507022
        },
        {
            "displayName": "Summary: lines processed per second",
            "value": 24818
        },
        {
            "displayName": "Summary: total bytes processed",
            "unit": "decbytes",
            "value": 7772
        },
        {
            "displayName": "Summary: total lines processed",
            "value": 55
        },
        {
            "displayName": "Summary: exec time",
            "unit": "s",
            "value": 0.002216125
        },
        {
            "displayName": "Store: total chunks ref",
            "value": 2
        },
        {
            "displayName": "Store: total chunks downloaded",
            "value": 3
        },
        {
            "displayName": "Store: chunks download time",
            "unit": "s",
            "value": 0.000390958
        },
        {
            "displayName": "Store: head chunk bytes",
            "unit": "decbytes",
            "value": 4
        },
        {
            "displayName": "Store: head chunk lines",
            "value": 5
        },
        {
            "displayName": "Store: decompressed bytes",
            "unit": "decbytes",
            "value": 7772
        },
        {
            "displayName": "Store: decompressed lines",
            "value": 55
        },
        {
            "displayName": "Store: compressed bytes",
            "unit": "decbytes",
            "value": 31432
        },
        {
            "displayName": "Store: total duplicates",
            "value": 6
        },
        {
            "displayName": "Ingester: total reached",
            "value": 7
        },
        {
            "displayName": "Ingester: total chunks matched",
            "value": 8
        },
        {
            "displayName": "Ingester: total batches",
            "value": 9
        },
        {
            "displayName": "Ingester: total lines sent",
            "value": 10
        },
        {
            "displayName": "Ingester: head chunk bytes",
            "unit": "decbytes",
            "value": 11
        },
        {
            "displayName": "Ingester: head chunk lines",
            "value": 12
        },
        {
            "displayName": "Ingester: decompressed bytes",
            "unit": "decbytes",
            "value": 13
        },
        {
            "displayName": "Ingester: decompressed lines",
            "value": 14
        },
        {
            "displayName": "Ingester: compressed bytes",
            "unit": "decbytes",
            "value": 15
        },
        {
            "displayName": "Ingester: total duplicates",
            "value": 16
        }
    ],
    "executedQueryString": "Expr: up(ALERTS)\nStep: 42s"
}
Name: {level="error", location="moon"}
Dimensions: 2 Fields by 2 Rows
+-----------------------------------+------------------------------------+
| Name: time                        | Name: value                        |
| Labels:                           | Labels: level=error, location=moon |
| Type: []time.Time                 | Type: []float64                    |
+-----------------------------------+------------------------------------+
| 2021-12-10 08:36:06.989 +0000 UTC | 0.4                                |
| 2021-12-10 08:36:46.989 +0000 UTC | 0.2                                |
+-----------------------------------+------------------------------------+



Frame[1] {
    "stats": [
        {
            "displayName": "Summary: bytes processed per second",
            "unit": "Bps",
            "value": 3507022
        },
        {
            "displayName": "Summary: lines processed per second",
            "value": 24818
        },
        {
            "displayName": "Summary: total bytes processed",
            "unit": "decbytes",
            "value": 7772
        },
        {
            "displayName": "Summary: total lines processed",
            "value": 55
        },
        {
            "displayName": "Summary: exec time",
            "unit": "s",
            "value": 0.002216125
        },
        {
            "displayName": "Store: total chunks ref",
            "value": 2
        },
        {
            "displayName": "Store: total chunks downloaded",
            "value": 3
        },
        {
            "displayName": "Store: chunks download time",
            "unit": "s",
            "value": 0.000390958
        },
        {
            "displayName": "Store: head chunk bytes",
            "unit": "decbytes",
            "value": 4
        },
        {
            "displayName": "Store: head chunk lines",
            "value": 5
        },
        {
            "displayName": "Store: decompressed bytes",
            "unit": "decbytes",
            "value": 7772
        },
        {
            "displayName": "Store: decompressed lines",
            "value": 55
        },
        {
            "displayName": "Store: compressed bytes",
            "unit": "decbytes",
            "value": 31432
        },
        {
            "displayName": "Store: total duplicates",
            "value": 6
        },
        {
            "displayName": "Ingester: total reached",
            "value": 7
        },
        {
            "displayName": "Ingester: total chunks matched",
            "value": 8
        },
        {
            "displayName": "Ingester: total batches",
            "value": 9
        },
        {
            "displayName": "Ingester: total lines sent",
            "value": 10
        },
        {
            "displayName": "Ingester: head chunk bytes",
            "unit": "decbytes",
            "value": 11
        },
        {
            "displayName": "Ingester: head chunk lines",
            "value": 12
        },
        {
            "displayName": "Ingester: decompressed bytes",
            "unit": "decbytes",
            "value": 13
        },
        {
            "displayName": "Ingester: decompressed lines",
            "value": 14
        },
        {
            "displayName": "Ingester: compressed bytes",
            "unit": "decbytes",
            "value": 15
        },
        {
            "displayName": "Ingester: total duplicates",
            "value": 16
        }
    ],
    "executedQueryString": "Expr: up(ALERTS)\nStep: 42s"
}
Name: {level="info", location="mars"}
Dimensions: 2 Fields by 2 Rows
+-----------------------------------+-----------------------------------+
| Name: time                        | Name: value                       |
| Labels:                           | Labels: level=info, location=mars |
| Type: []time.Time                 | Type: []float64                   |
+-----------------------------------+-----------------------------------+
| 2021-12-10 08:36:26.989 +0000 UTC | 0.6                               |
| 2021-12-10 08:36:36.989 +0000 UTC | 0.8                               |
+-----------------------------------+-----------------------------------+


====== TEST DATA RESPONSE (arrow base64) ======
FRAME=QVJST1cxAAD/////wAgAABAAAAAAAAoADgAMAAsABAAKAAAAFAAAAAAAAAEEAAoADAAAAAgABAAKAAAACAAAANQGAAADAAAAbAAAACgAAAAEAAAA3Pf//wgAAAAMAAAAAAAAAAAAAAAFAAAAcmVmSWQAAAD89///CAAAACwAAAAgAAAAe2xldmVsPSJlcnJvciIsIGxvY2F0aW9uPSJtb29uIn0AAAAABAAAAG5hbWUAAAAAPPj//wgAAABMBgAAQQYAAHsic3RhdHMiOlt7ImRpc3BsYXlOYW1lIjoiU3VtbWFyeTogYnl0ZXMgcHJvY2Vzc2VkIHBlciBzZWNvbmQiLCJ1bml0IjoiQnBzIiwidmFsdWUiOjM1MDcwMjJ9LHsiZGlzcGxheU5hbWUiOiJTdW1tYXJ5OiBsaW5lcyBwcm9jZXNzZWQgcGVyIHNlY29uZCIsInZhbHVlIjoyNDgxOH0seyJkaXNwbGF5TmFtZSI6IlN1bW1hcnk6IHRvdGFsIGJ5dGVzIHByb2Nlc3NlZCIsInVuaXQiOiJkZWNieXRlcyIsInZhbHVlIjo3NzcyfSx7ImRpc3BsYXlOYW1lIjoiU3VtbWFyeTogdG90YWwgbGluZXMgcHJvY2Vzc2VkIiwidmFsdWUiOjU1fSx7ImRpc3BsYXlOYW1lIjoiU3VtbWFyeTogZXhlYyB0aW1lIiwidW5pdCI6InMiLCJ2YWx1ZSI6MC4wMDIyMTYxMjV9LHsiZGlzcGxheU5hbWUiOiJTdG9yZTogdG90YWwgY2h1bmtzIHJlZiIsInZhbHVlIjoyfSx7ImRpc3BsYXlOYW1lIjoiU3RvcmU6IHRvdGFsIGNodW5rcyBkb3dubG9hZGVkIiwidmFsdWUiOjN9LHsiZGlzcGxheU5hbWUiOiJTdG9yZTogY2h1bmtzIGRvd25sb2FkIHRpbWUiLCJ1bml0IjoicyIsInZhbHVlIjowLjAwMDM5MDk1OH0seyJkaXNwbGF5TmFtZSI6IlN0b3JlOiBoZWFkIGNodW5rIGJ5dGVzIiwidW5pdCI6ImRlY2J5dGVzIiwidmFsdWUiOjR9LHsiZGlzcGxheU5hbWUiOiJTdG9yZTogaGVhZCBjaHVuayBsaW5lcyIsInZhbHVlIjo1fSx7ImRpc3BsYXlOYW1lIjoiU3RvcmU6IGRlY29tcHJlc3NlZCBieXRlcyIsInVuaXQiOiJkZWNieXRlcyIsInZhbHVlIjo3NzcyfSx7ImRpc3BsYXlOYW1lIjoiU3RvcmU6IGRlY29tcHJlc3NlZCBsaW5lcyIsInZhbHVlIjo1NX0seyJkaXNwbGF5TmFtZSI6IlN0b3JlOiBjb21wcmVzc2VkIGJ5dGVzIiwidW5pdCI6ImRlY2J5dGVzIiwidmFsdWUiOjMxNDMyfSx7ImRpc3BsYXlOYW1lIjoiU3RvcmU6IHRvdGFsIGR1cGxpY2F0ZXMiLCJ2YWx1ZSI6Nn0seyJkaXNwbGF5TmFtZSI6IkluZ2VzdGVyOiB0b3RhbCByZWFjaGVkIiwidmFsdWUiOjd9LHsiZGlzcGxheU5hbWUiOiJJbmdlc3RlcjogdG90YWwgY2h1bmtzIG1hdGNoZWQiLCJ2YWx1ZSI6OH0seyJkaXNwbGF5TmFtZSI6IkluZ2VzdGVyOiB0b3RhbCBiYXRjaGVzIiwidmFsdWUiOjl9LHsiZGlzcGxheU5hbWUiOiJJbmdlc3RlcjogdG90YWwgbGluZXMgc2VudCIsInZhbHVlIjoxMH0seyJkaXNwbGF5TmFtZSI6IkluZ2VzdGVyOiBoZWFkIGNodW5rIGJ5dGVzIiwidW5pdCI6ImRlY2J5dGVzIiwidmFsdWUiOjExfSx7ImRpc3BsYXlOYW1lIjoiSW5nZXN0ZXI6IGhlYWQgY2h1bmsgbGluZXMiLCJ2YWx1ZSI6MTJ9LHsiZGlzcGxheU5hbWUiOiJJbmdlc3RlcjogZGVjb21wcmVzc2VkIGJ5dGVzIiwidW5pdCI6ImRlY2J5dGVzIiwidmFsdWUiOjEzfSx7ImRpc3BsYXlOYW1lIjoiSW5nZXN0ZXI6IGRlY29tcHJlc3NlZCBsaW5lcyIsInZhbHVlIjoxNH0seyJkaXNwbGF5TmFtZSI6IkluZ2VzdGVyOiBjb21wcmVzc2VkIGJ5dGVzIiwidW5pdCI6ImRlY2J5dGVzIiwidmFsdWUiOjE1fSx7ImRpc3BsYXlOYW1lIjoiSW5nZXN0ZXI6IHRvdGFsIGR1cGxpY2F0ZXMiLCJ2YWx1ZSI6MTZ9XSwiZXhlY3V0ZWRRdWVyeVN0cmluZyI6IkV4cHI6IHVwKEFMRVJUUylcblN0ZXA6IDQycyJ9AAAABAAAAG1ldGEAAAAAAgAAABgBAAAEAAAAAv///xQAAADgAAAA4AAAAAAAAAPgAAAAAwAAAHAAAAAsAAAABAAAAND+//8IAAAAEAAAAAUAAAB2YWx1ZQAAAAQAAABuYW1lAAAAAPT+//8IAAAALAAAACMAAAB7ImxldmVsIjoiZXJyb3IiLCJsb2NhdGlvbiI6Im1vb24ifQAGAAAAbGFiZWxzAAA0////CAAAAEgAAAA8AAAAeyJkaXNwbGF5TmFtZUZyb21EUyI6IntsZXZlbD1cImVycm9yXCIsIGxvY2F0aW9uPVwibW9vblwifSJ9AAAAAAYAAABjb25maWcAAAAAAABW////AAACAAUAAAB2YWx1ZQASABgAFAAAABMADAAAAAgABAASAAAAFAAAAHgAAACAAAAAAAAACoAAAAACAAAANAAAAAQAAADc////CAAAABAAAAAEAAAAdGltZQAAAAAEAAAAbmFtZQAAAAAIAAwACAAEAAgAAAAIAAAAHAAAABIAAAB7ImludGVydmFsIjo0MjAwMH0AAAYAAABjb25maWcAAAAAAAAAAAYACAAGAAYAAAAAAAMABAAAAHRpbWUAAAAA/////7gAAAAUAAAAAAAAAAwAFgAUABMADAAEAAwAAAAgAAAAAAAAABQAAAAAAAADBAAKABgADAAIAAQACgAAABQAAABYAAAAAgAAAAAAAAAAAAAABAAAAAAAAAAAAAAAAAAAAAAAAAAAAAAAAAAAABAAAAAAAAAAEAAAAAAAAAAAAAAAAAAAABAAAAAAAAAAEAAAAAAAAAAAAAAAAgAAAAIAAAAAAAAAAAAAAAAAAAACAAAAAAAAAAAAAAAAAAAAQA22OdZXvxZAneWJ31e/FpqZmZmZmdk/mpmZmZmZyT8QAAAADAAUABIADAAIAAQADAAAABAAAAAsAAAAPAAAAAAABAABAAAA0AgAAAAAAADAAAAAAAAAACAAAAAAAAAAAAAAAAAAAAAAAAAAAAAKAAwAAAAIAAQACgAAAAgAAADUBgAAAwAAAGwAAAAoAAAABAAAANz3//8IAAAADAAAAAAAAAAAAAAABQAAAHJlZklkAAAA/Pf//wgAAAAsAAAAIAAAAHtsZXZlbD0iZXJyb3IiLCBsb2NhdGlvbj0ibW9vbiJ9AAAAAAQAAABuYW1lAAAAADz4//8IAAAATAYAAEEGAAB7InN0YXRzIjpbeyJkaXNwbGF5TmFtZSI6IlN1bW1hcnk6IGJ5dGVzIHByb2Nlc3NlZCBwZXIgc2Vjb25kIiwidW5pdCI6IkJwcyIsInZhbHVlIjozNTA3MDIyfSx7ImRpc3BsYXlOYW1lIjoiU3VtbWFyeTogbGluZXMgcHJvY2Vzc2VkIHBlciBzZWNvbmQiLCJ2YWx1ZSI6MjQ4MTh9LHsiZGlzcGxheU5hbWUiOiJTdW1tYXJ5OiB0b3RhbCBieXRlcyBwcm9jZXNzZWQiLCJ1bml0IjoiZGVjYnl0ZXMiLCJ2YWx1ZSI6Nzc3Mn0seyJkaXNwbGF5TmFtZSI6IlN1bW1hcnk6IHRvdGFsIGxpbmVzIHByb2Nlc3NlZCIsInZhbHVlIjo1NX0seyJkaXNwbGF5TmFtZSI6IlN1bW1hcnk6IGV4ZWMgdGltZSIsInVuaXQiOiJzIiwidmFsdWUiOjAuMDAyMjE2MTI1fSx7ImRpc3BsYXlOYW1lIjoiU3RvcmU6IHRvdGFsIGNodW5rcyByZWYiLCJ2YWx1ZSI6Mn0seyJkaXNwbGF5TmFtZSI6IlN0b3JlOiB0b3RhbCBjaHVua3MgZG93bmxvYWRlZCIsInZhbHVlIjozfSx7ImRpc3BsYXlOYW1lIjoiU3RvcmU6IGNodW5rcyBkb3dubG9hZCB0aW1lIiwidW5pdCI6InMiLCJ2YWx1ZSI6MC4wMDAzOTA5NTh9LHsiZGlzcGxheU5hbWUiOiJTdG9yZTogaGVhZCBjaHVuayBieXRlcyIsInVuaXQiOiJkZWNieXRlcyIsInZhbHVlIjo0fSx7ImRpc3BsYXlOYW1lIjoiU3RvcmU6IGhlYWQgY2h1bmsgbGluZXMiLCJ2YWx1ZSI6NX0seyJkaXNwbGF5TmFtZSI6IlN0b3JlOiBkZWNvbXByZXNzZWQgYnl0ZXMiLCJ1bml0IjoiZGVjYnl0ZXMiLCJ2YWx1ZSI6Nzc3Mn0seyJkaXNwbGF5TmFtZSI6IlN0b3JlOiBkZWNvbXByZXNzZWQgbGluZXMiLCJ2YWx1ZSI6NTV9LHsiZGlzcGxheU5hbWUiOiJTdG9yZTogY29tcHJlc3NlZCBieXRlcyIsInVuaXQiOiJkZWNieXRlcyIsInZhbHVlIjozMTQzMn0seyJkaXNwbGF5TmFtZSI6IlN0b3JlOiB0b3RhbCBkdXBsaWNhdGVzIiwidmFsdWUiOjZ9LHsiZGlzcGxheU5hbWUiOiJJbmdlc3RlcjogdG90YWwgcmVhY2hlZCIsInZhbHVlIjo3fSx7ImRpc3BsYXlOYW1lIjoiSW5nZXN0ZXI6IHRvdGFsIGNodW5rcyBtYXRjaGVkIiwidmFsdWUiOjh9LHsiZGlzcGxheU5hbWUiOiJJbmdlc3RlcjogdG90YWwgYmF0Y2hlcyIsInZhbHVlIjo5fSx7ImRpc3BsYXlOYW1lIjoiSW5nZXN0ZXI6IHRvdGFsIGxpbmVzIHNlbnQiLCJ2YWx1ZSI6MTB9LHsiZGlzcGxheU5hbWUiOiJJbmdlc3RlcjogaGVhZCBjaHVuayBieXRlcyIsInVuaXQiOiJkZWNieXRlcyIsInZhbHVlIjoxMX0seyJkaXNwbGF5TmFtZSI6IkluZ2VzdGVyOiBoZWFkIGNodW5rIGxpbmVzIiwidmFsdWUiOjEyfSx7ImRpc3BsYXlOYW1lIjoiSW5nZXN0ZXI6IGRlY29tcHJlc3NlZCBieXRlcyIsInVuaXQiOiJkZWNieXRlcyIsInZhbHVlIjoxM30seyJkaXNwbGF5TmFtZSI6IkluZ2VzdGVyOiBkZWNvbXByZXNzZWQgbGluZXMiLCJ2YWx1ZSI6MTR9LHsiZGlzcGxheU5hbWUiOiJJbmdlc3RlcjogY29tcHJlc3NlZCBieXRlcyIsInVuaXQiOiJkZWNieXRlcyIsInZhbHVlIjoxNX0seyJkaXNwbGF5TmFtZSI6IkluZ2VzdGVyOiB0b3RhbCBkdXBsaWNhdGVzIiwidmFsdWUiOjE2fV0sImV4ZWN1dGVkUXVlcnlTdHJpbmciOiJFeHByOiB1cChBTEVSVFMpXG5TdGVwOiA0MnMifQAAAAQAAABtZXRhAAAAAAIAAAAYAQAABAAAAAL///8UAAAA4AAAAOAAAAAAAAAD4AAAAAMAAABwAAAALAAAAAQAAADQ/v//CAAAABAAAAAFAAAAdmFsdWUAAAAEAAAAbmFtZQAAAAD0/v//CAAAACwAAAAjAAAAeyJsZXZlbCI6ImVycm9yIiwibG9jYXRpb24iOiJtb29uIn0ABgAAAGxhYmVscwAANP///wgAAABIAAAAPAAAAHsiZGlzcGxheU5hbWVGcm9tRFMiOiJ7bGV2ZWw9XCJlcnJvclwiLCBsb2NhdGlvbj1cIm1vb25cIn0ifQAAAAAGAAAAY29uZmlnAAAAAAAAVv///wAAAgAFAAAAdmFsdWUAEgAYABQAAAATAAwAAAAIAAQAEgAAABQAAAB4AAAAgAAAAAAAAAqAAAAAAgAAADQAAAAEAAAA3P///wgAAAAQAAAABAAAAHRpbWUAAAAABAAAAG5hbWUAAAAACAAMAAgABAAIAAAACAAAABwAAAASAAAAeyJpbnRlcnZhbCI6NDIwMDB9AAAGAAAAY29uZmlnAAAAAAAAAAAGAAgABgAGAAAAAAADAAQAAAB0aW1lAAAAAPAIAABBUlJPVzE=
FRAME=QVJST1cxAAD/////uAgAABAAAAAAAAoADgAMAAsABAAKAAAAFAAAAAAAAAEEAAoADAAAAAgABAAKAAAACAAAANAGAAADAAAAaAAAACgAAAAEAAAA5Pf//wgAAAAMAAAAAAAAAAAAAAAFAAAAcmVmSWQAAAAE+P//CAAAACgAAAAfAAAAe2xldmVsPSJpbmZvIiwgbG9jYXRpb249Im1hcnMifQAEAAAAbmFtZQAAAABA+P//CAAAAEwGAABBBgAAeyJzdGF0cyI6W3siZGlzcGxheU5hbWUiOiJTdW1tYXJ5OiBieXRlcyBwcm9jZXNzZWQgcGVyIHNlY29uZCIsInVuaXQiOiJCcHMiLCJ2YWx1ZSI6MzUwNzAyMn0seyJkaXNwbGF5TmFtZSI6IlN1bW1hcnk6IGxpbmVzIHByb2Nlc3NlZCBwZXIgc2Vjb25kIiwidmFsdWUiOjI0ODE4fSx7ImRpc3BsYXlOYW1lIjoiU3VtbWFyeTogdG90YWwgYnl0ZXMgcHJvY2Vzc2VkIiwidW5pdCI6ImRlY2J5dGVzIiwidmFsdWUiOjc3NzJ9LHsiZGlzcGxheU5hbWUiOiJTdW1tYXJ5OiB0b3RhbCBsaW5lcyBwcm9jZXNzZWQiLCJ2YWx1ZSI6NTV9LHsiZGlzcGxheU5hbWUiOiJTdW1tYXJ5OiBleGVjIHRpbWUiLCJ1bml0IjoicyIsInZhbHVlIjowLjAwMjIxNjEyNX0seyJkaXNwbGF5TmFtZSI6IlN0b3JlOiB0b3RhbCBjaHVua3MgcmVmIiwidmFsdWUiOjJ9LHsiZGlzcGxheU5hbWUiOiJTdG9yZTogdG90YWwgY2h1bmtzIGRvd25sb2FkZWQiLCJ2YWx1ZSI6M30seyJkaXNwbGF5TmFtZSI6IlN0b3JlOiBjaHVua3MgZG93bmxvYWQgdGltZSIsInVuaXQiOiJzIiwidmFsdWUiOjAuMDAwMzkwOTU4fSx7ImRpc3BsYXlOYW1lIjoiU3RvcmU6IGhlYWQgY2h1bmsgYnl0ZXMiLCJ1bml0IjoiZGVjYnl0ZXMiLCJ2YWx1ZSI6NH0seyJkaXNwbGF5TmFtZSI6IlN0b3JlOiBoZWFkIGNodW5rIGxpbmVzIiwidmFsdWUiOjV9LHsiZGlzcGxheU5hbWUiOiJTdG9yZTogZGVjb21wcmVzc2VkIGJ5dGVzIiwidW5pdCI6ImRlY2J5dGVzIiwidmFsdWUiOjc3NzJ9LHsiZGlzcGxheU5hbWUiOiJTdG9yZTogZGVjb21wcmVzc2VkIGxpbmVzIiwidmFsdWUiOjU1fSx7ImRpc3BsYXlOYW1lIjoiU3RvcmU6IGNvbXByZXNzZWQgYnl0ZXMiLCJ1bml0IjoiZGVjYnl0ZXMiLCJ2YWx1ZSI6MzE0MzJ9LHsiZGlzcGxheU5hbWUiOiJTdG9yZTogdG90YWwgZHVwbGljYXRlcyIsInZhbHVlIjo2fSx7ImRpc3BsYXlOYW1lIjoiSW5nZXN0ZXI6IHRvdGFsIHJlYWNoZWQiLCJ2YWx1ZSI6N30seyJkaXNwbGF5TmFtZSI6IkluZ2VzdGVyOiB0b3RhbCBjaHVua3MgbWF0Y2hlZCIsInZhbHVlIjo4fSx7ImRpc3BsYXlOYW1lIjoiSW5nZXN0ZXI6IHRvdGFsIGJhdGNoZXMiLCJ2YWx1ZSI6OX0seyJkaXNwbGF5TmFtZSI6IkluZ2VzdGVyOiB0b3RhbCBsaW5lcyBzZW50IiwidmFsdWUiOjEwfSx7ImRpc3BsYXlOYW1lIjoiSW5nZXN0ZXI6IGhlYWQgY2h1bmsgYnl0ZXMiLCJ1bml0IjoiZGVjYnl0ZXMiLCJ2YWx1ZSI6MTF9LHsiZGlzcGxheU5hbWUiOiJJbmdlc3RlcjogaGVhZCBjaHVuayBsaW5lcyIsInZhbHVlIjoxMn0seyJkaXNwbGF5TmFtZSI6IkluZ2VzdGVyOiBkZWNvbXByZXNzZWQgYnl0ZXMiLCJ1bml0IjoiZGVjYnl0ZXMiLCJ2YWx1ZSI6MTN9LHsiZGlzcGxheU5hbWUiOiJJbmdlc3RlcjogZGVjb21wcmVzc2VkIGxpbmVzIiwidmFsdWUiOjE0fSx7ImRpc3BsYXlOYW1lIjoiSW5nZXN0ZXI6IGNvbXByZXNzZWQgYnl0ZXMiLCJ1bml0IjoiZGVjYnl0ZXMiLCJ2YWx1ZSI6MTV9LHsiZGlzcGxheU5hbWUiOiJJbmdlc3RlcjogdG90YWwgZHVwbGljYXRlcyIsInZhbHVlIjoxNn1dLCJleGVjdXRlZFF1ZXJ5U3RyaW5nIjoiRXhwcjogdXAoQUxFUlRTKVxuU3RlcDogNDJzIn0AAAAEAAAAbWV0YQAAAAACAAAAFAEAAAQAAAAG////FAAAANwAAADcAAAAAAAAA9wAAAADAAAAcAAAACwAAAAEAAAA1P7//wgAAAAQAAAABQAAAHZhbHVlAAAABAAAAG5hbWUAAAAA+P7//wgAAAAsAAAAIgAAAHsibGV2ZWwiOiJpbmZvIiwibG9jYXRpb24iOiJtYXJzIn0AAAYAAABsYWJlbHMAADj///8IAAAARAAAADsAAAB7ImRpc3BsYXlOYW1lRnJvbURTIjoie2xldmVsPVwiaW5mb1wiLCBsb2NhdGlvbj1cIm1hcnNcIn0ifQAGAAAAY29uZmlnAAAAAAAAVv///wAAAgAFAAAAdmFsdWUAEgAYABQAAAATAAwAAAAIAAQAEgAAABQAAAB4AAAAgAAAAAAAAAqAAAAAAgAAADQAAAAEAAAA3P///wgAAAAQAAAABAAAAHRpbWUAAAAABAAAAG5hbWUAAAAACAAMAAgABAAIAAAACAAAABwAAAASAAAAeyJpbnRlcnZhbCI6NDIwMDB9AAAGAAAAY29uZmlnAAAAAAAAAAAGAAgABgAGAAAAAAADAAQAAAB0aW1lAAAAAP////+4AAAAFAAAAAAAAAAMABYAFAATAAwABAAMAAAAIAAAAAAAAAAUAAAAAAAAAwQACgAYAAwACAAEAAoAAAAUAAAAWAAAAAIAAAAAAAAAAAAAAAQAAAAAAAAAAAAAAAAAAAAAAAAAAAAAAAAAAAAQAAAAAAAAABAAAAAAAAAAAAAAAAAAAAAQAAAAAAAAABAAAAAAAAAAAAAAAAIAAAACAAAAAAAAAAAAAAAAAAAAAgAAAAAAAAAAAAAAAAAAAEDVzeHaV78WQLnZNd1XvxYzMzMzMzPjP5qZmZmZmek/EAAAAAwAFAASAAwACAAEAAwAAAAQAAAALAAAADwAAAAAAAQAAQAAAMgIAAAAAAAAwAAAAAAAAAAgAAAAAAAAAAAAAAAAAAAAAAAAAAAACgAMAAAACAAEAAoAAAAIAAAA0AYAAAMAAABoAAAAKAAAAAQAAADk9///CAAAAAwAAAAAAAAAAAAAAAUAAAByZWZJZAAAAAT4//8IAAAAKAAAAB8AAAB7bGV2ZWw9ImluZm8iLCBsb2NhdGlvbj0ibWFycyJ9AAQAAABuYW1lAAAAAED4//8IAAAATAYAAEEGAAB7InN0YXRzIjpbeyJkaXNwbGF5TmFtZSI6IlN1bW1hcnk6IGJ5dGVzIHByb2Nlc3NlZCBwZXIgc2Vjb25kIiwidW5pdCI6IkJwcyIsInZhbHVlIjozNTA3MDIyfSx7ImRpc3BsYXlOYW1lIjoiU3VtbWFyeTogbGluZXMgcHJvY2Vzc2VkIHBlciBzZWNvbmQiLCJ2YWx1ZSI6MjQ4MTh9LHsiZGlzcGxheU5hbWUiOiJTdW1tYXJ5OiB0b3RhbCBieXRlcyBwcm9jZXNzZWQiLCJ1bml0IjoiZGVjYnl0ZXMiLCJ2YWx1ZSI6Nzc3Mn0seyJkaXNwbGF5TmFtZSI6IlN1bW1hcnk6IHRvdGFsIGxpbmVzIHByb2Nlc3NlZCIsInZhbHVlIjo1NX0seyJkaXNwbGF5TmFtZSI6IlN1bW1hcnk6IGV4ZWMgdGltZSIsInVuaXQiOiJzIiwidmFsdWUiOjAuMDAyMjE2MTI1fSx7ImRpc3BsYXlOYW1lIjoiU3RvcmU6IHRvdGFsIGNodW5rcyByZWYiLCJ2YWx1ZSI6Mn0seyJkaXNwbGF5TmFtZSI6IlN0b3JlOiB0b3RhbCBjaHVua3MgZG93bmxvYWRlZCIsInZhbHVlIjozfSx7ImRpc3BsYXlOYW1lIjoiU3RvcmU6IGNodW5rcyBkb3dubG9hZCB0aW1lIiwidW5pdCI6InMiLCJ2YWx1ZSI6MC4wMDAzOTA5NTh9LHsiZGlzcGxheU5hbWUiOiJTdG9yZTogaGVhZCBjaHVuayBieXRlcyIsInVuaXQiOiJkZWNieXRlcyIsInZhbHVlIjo0fSx7ImRpc3BsYXlOYW1lIjoiU3RvcmU6IGhlYWQgY2h1bmsgbGluZXMiLCJ2YWx1ZSI6NX0seyJkaXNwbGF5TmFtZSI6IlN0b3JlOiBkZWNvbXByZXNzZWQgYnl0ZXMiLCJ1bml0IjoiZGVjYnl0ZXMiLCJ2YWx1ZSI6Nzc3Mn0seyJkaXNwbGF5TmFtZSI6IlN0b3JlOiBkZWNvbXByZXNzZWQgbGluZXMiLCJ2YWx1ZSI6NTV9LHsiZGlzcGxheU5hbWUiOiJTdG9yZTogY29tcHJlc3NlZCBieXRlcyIsInVuaXQiOiJkZWNieXRlcyIsInZhbHVlIjozMTQzMn0seyJkaXNwbGF5TmFtZSI6IlN0b3JlOiB0b3RhbCBkdXBsaWNhdGVzIiwidmFsdWUiOjZ9LHsiZGlzcGxheU5hbWUiOiJJbmdlc3RlcjogdG90YWwgcmVhY2hlZCIsInZhbHVlIjo3fSx7ImRpc3BsYXlOYW1lIjoiSW5nZXN0ZXI6IHRvdGFsIGNodW5rcyBtYXRjaGVkIiwidmFsdWUiOjh9LHsiZGlzcGxheU5hbWUiOiJJbmdlc3RlcjogdG90YWwgYmF0Y2hlcyIsInZhbHVlIjo5fSx7ImRpc3BsYXlOYW1lIjoiSW5nZXN0ZXI6IHRvdGFsIGxpbmVzIHNlbnQiLCJ2YWx1ZSI6MTB9LHsiZGlzcGxheU5hbWUiOiJJbmdlc3RlcjogaGVhZCBjaHVuayBieXRlcyIsInVuaXQiOiJkZWNieXRlcyIsInZhbHVlIjoxMX0seyJkaXNwbGF5TmFtZSI6IkluZ2VzdGVyOiBoZWFkIGNodW5rIGxpbmVzIiwidmFsdWUiOjEyfSx7ImRpc3BsYXlOYW1lIjoiSW5nZXN0ZXI6IGRlY29tcHJlc3NlZCBieXRlcyIsInVuaXQiOiJkZWNieXRlcyIsInZhbHVlIjoxM30seyJkaXNwbGF5TmFtZSI6IkluZ2VzdGVyOiBkZWNvbXByZXNzZWQgbGluZXMiLCJ2YWx1ZSI6MTR9LHsiZGlzcGxheU5hbWUiOiJJbmdlc3RlcjogY29tcHJlc3NlZCBieXRlcyIsInVuaXQiOiJkZWNieXRlcyIsInZhbHVlIjoxNX0seyJkaXNwbGF5TmFtZSI6IkluZ2VzdGVyOiB0b3RhbCBkdXBsaWNhdGVzIiwidmFsdWUiOjE2fV0sImV4ZWN1dGVkUXVlcnlTdHJpbmciOiJFeHByOiB1cChBTEVSVFMpXG5TdGVwOiA0MnMifQAAAAQAAABtZXRhAAAAAAIAAAAUAQAABAAAAAb///8UAAAA3AAAANwAAAAAAAAD3AAAAAMAAABwAAAALAAAAAQAAADU/v//CAAAABAAAAAFAAAAdmFsdWUAAAAEAAAAbmFtZQAAAAD4/v//CAAAACwAAAAiAAAAeyJsZXZlbCI6ImluZm8iLCJsb2NhdGlvbiI6Im1hcnMifQAABgAAAGxhYmVscwAAOP///wgAAABEAAAAOwAAAHsiZGlzcGxheU5hbWVGcm9tRFMiOiJ7bGV2ZWw9XCJpbmZvXCIsIGxvY2F0aW9uPVwibWFyc1wifSJ9AAYAAABjb25maWcAAAAAAABW////AAACAAUAAAB2YWx1ZQASABgAFAAAABMADAAAAAgABAASAAAAFAAAAHgAAACAAAAAAAAACoAAAAACAAAANAAAAAQAAADc////CAAAABAAAAAEAAAAdGltZQAAAAAEAAAAbmFtZQAAAAAIAAwACAAEAAgAAAAIAAAAHAAAABIAAAB7ImludGVydmFsIjo0MjAwMH0AAAYAAABjb25maWcAAAAAAAAAAAYACAAGAAYAAAAAAAMABAAAAHRpbWUAAAAA6AgAAEFSUk9XMQ==
