ðŸŒŸ This was machine generated.  Do not edit. ðŸŒŸ

Frame[0] {
    "executedQueryString": "Expr: up(ALERTS)\nStep: 42s"
}
Name: {}
Dimensions: 2 Fields by 6 Rows
+-----------------------------------+-----------------+
| Name: time                        | Name: value     |
| Labels:                           | Labels:         |
| Type: []time.Time                 | Type: []float64 |
+-----------------------------------+-----------------+
| 2022-01-24 08:54:13.815 +0000 UTC | 50              |
| 2022-01-24 08:59:13.815 +0000 UTC | 57              |
| 2022-01-24 09:04:13.815 +0000 UTC | 55              |
| 2022-01-24 09:34:13.815 +0000 UTC | 54              |
| 2022-01-24 09:39:13.815 +0000 UTC | 55              |
| 2022-01-24 09:44:13.815 +0000 UTC | 56              |
+-----------------------------------+-----------------+


====== TEST DATA RESPONSE (arrow base64) ======
FRAME=QVJST1cxAAD/////UAIAABAAAAAAAAoADgAMAAsABAAKAAAAFAAAAAAAAAEEAAoADAAAAAgABAAKAAAACAAAAKgAAAADAAAATAAAACgAAAAEAAAATP7//wgAAAAMAAAAAAAAAAAAAAAFAAAAcmVmSWQAAABs/v//CAAAAAwAAAACAAAAe30AAAQAAABuYW1lAAAAAIz+//8IAAAAQAAAADUAAAB7ImV4ZWN1dGVkUXVlcnlTdHJpbmciOiJFeHByOiB1cChBTEVSVFMpXG5TdGVwOiA0MnMifQAAAAQAAABtZXRhAAAAAAIAAADUAAAABAAAAEb///8UAAAAnAAAAJwAAAAAAAADnAAAAAMAAABQAAAALAAAAAQAAAAU////CAAAABAAAAAFAAAAdmFsdWUAAAAEAAAAbmFtZQAAAAA4////CAAAAAwAAAACAAAAe30AAAYAAABsYWJlbHMAAFj///8IAAAAJAAAABoAAAB7ImRpc3BsYXlOYW1lRnJvbURTIjoie30ifQAABgAAAGNvbmZpZwAAAAAAAFb///8AAAIABQAAAHZhbHVlABIAGAAUAAAAEwAMAAAACAAEABIAAAAUAAAAeAAAAIAAAAAAAAAKgAAAAAIAAAA0AAAABAAAANz///8IAAAAEAAAAAQAAAB0aW1lAAAAAAQAAABuYW1lAAAAAAgADAAIAAQACAAAAAgAAAAcAAAAEgAAAHsiaW50ZXJ2YWwiOjQyMDAwfQAABgAAAGNvbmZpZwAAAAAAAAAABgAIAAYABgAAAAAAAwAEAAAAdGltZQAAAAD/////uAAAABQAAAAAAAAADAAWABQAEwAMAAQADAAAAGAAAAAAAAAAFAAAAAAAAAMEAAoAGAAMAAgABAAKAAAAFAAAAFgAAAAGAAAAAAAAAAAAAAAEAAAAAAAAAAAAAAAAAAAAAAAAAAAAAAAAAAAAMAAAAAAAAAAwAAAAAAAAAAAAAAAAAAAAMAAAAAAAAAAwAAAAAAAAAAAAAAACAAAABgAAAAAAAAAAAAAAAAAAAAYAAAAAAAAAAAAAAAAAAADAu3nQ8CjNFsBz3qk2Kc0WwCtDg3wpzRbAe5+bHyvNFsAzBHVlK80WwOtoTqsrzRYAAAAAAABJQAAAAAAAgExAAAAAAACAS0AAAAAAAABLQAAAAAAAgEtAAAAAAAAATEAQAAAADAAUABIADAAIAAQADAAAABAAAAAsAAAAPAAAAAAABAABAAAAYAIAAAAAAADAAAAAAAAAAGAAAAAAAAAAAAAAAAAAAAAAAAAAAAAKAAwAAAAIAAQACgAAAAgAAACoAAAAAwAAAEwAAAAoAAAABAAAAEz+//8IAAAADAAAAAAAAAAAAAAABQAAAHJlZklkAAAAbP7//wgAAAAMAAAAAgAAAHt9AAAEAAAAbmFtZQAAAACM/v//CAAAAEAAAAA1AAAAeyJleGVjdXRlZFF1ZXJ5U3RyaW5nIjoiRXhwcjogdXAoQUxFUlRTKVxuU3RlcDogNDJzIn0AAAAEAAAAbWV0YQAAAAACAAAA1AAAAAQAAABG////FAAAAJwAAACcAAAAAAAAA5wAAAADAAAAUAAAACwAAAAEAAAAFP///wgAAAAQAAAABQAAAHZhbHVlAAAABAAAAG5hbWUAAAAAOP///wgAAAAMAAAAAgAAAHt9AAAGAAAAbGFiZWxzAABY////CAAAACQAAAAaAAAAeyJkaXNwbGF5TmFtZUZyb21EUyI6Int9In0AAAYAAABjb25maWcAAAAAAABW////AAACAAUAAAB2YWx1ZQASABgAFAAAABMADAAAAAgABAASAAAAFAAAAHgAAACAAAAAAAAACoAAAAACAAAANAAAAAQAAADc////CAAAABAAAAAEAAAAdGltZQAAAAAEAAAAbmFtZQAAAAAIAAwACAAEAAgAAAAIAAAAHAAAABIAAAB7ImludGVydmFsIjo0MjAwMH0AAAYAAABjb25maWcAAAAAAAAAAAYACAAGAAYAAAAAAAMABAAAAHRpbWUAAAAAgAIAAEFSUk9XMQ==
