ðŸŒŸ This was machine generated.  Do not edit. ðŸŒŸ

Frame[0] {
    "stats": [
        {
            "displayName": "Summary: bytes processed per second",
            "unit": "Bps",
            "value": 3507022
        },
        {
            "displayName": "Summary: lines processed per second",
            "value": 24818
        },
        {
            "displayName": "Summary: total bytes processed",
            "unit": "decbytes",
            "value": 7772
        },
        {
            "displayName": "Summary: total lines processed",
            "value": 55
        },
        {
            "displayName": "Summary: exec time",
            "unit": "s",
            "value": 0.002216125
        },
        {
            "displayName": "Store: total chunks ref",
            "value": 2
        },
        {
            "displayName": "Store: total chunks downloaded",
            "value": 3
        },
        {
            "displayName": "Store: chunks download time",
            "unit": "s",
            "value": 0.000390958
        },
        {
            "displayName": "Store: head chunk bytes",
            "unit": "decbytes",
            "value": 4
        },
        {
            "displayName": "Store: head chunk lines",
            "value": 5
        },
        {
            "displayName": "Store: decompressed bytes",
            "unit": "decbytes",
            "value": 7772
        },
        {
            "displayName": "Store: decompressed lines",
            "value": 55
        },
        {
            "displayName": "Store: compressed bytes",
            "unit": "decbytes",
            "value": 31432
        },
        {
            "displayName": "Store: total duplicates",
            "value": 6
        },
        {
            "displayName": "Ingester: total reached",
            "value": 7
        },
        {
            "displayName": "Ingester: total chunks matched",
            "value": 8
        },
        {
            "displayName": "Ingester: total batches",
            "value": 9
        },
        {
            "displayName": "Ingester: total lines sent",
            "value": 10
        },
        {
            "displayName": "Ingester: head chunk bytes",
            "unit": "decbytes",
            "value": 11
        },
        {
            "displayName": "Ingester: head chunk lines",
            "value": 12
        },
        {
            "displayName": "Ingester: decompressed bytes",
            "unit": "decbytes",
            "value": 13
        },
        {
            "displayName": "Ingester: decompressed lines",
            "value": 14
        },
        {
            "displayName": "Ingester: compressed bytes",
            "unit": "decbytes",
            "value": 15
        },
        {
            "displayName": "Ingester: total duplicates",
            "value": 16
        }
    ],
    "executedQueryString": "Expr: query1"
}
Name: {level="error", location="moon"}
Dimensions: 3 Fields by 1 Rows
+----------------------------------------+------------------------------------+---------------------+
| Name: time                             | Name: value                        | Name: tsNs          |
| Labels:                                | Labels: level=error, location=moon | Labels:             |
| Type: []time.Time                      | Type: []string                     | Type: []string      |
+----------------------------------------+------------------------------------+---------------------+
| 2022-02-16 16:50:44.81075712 +0000 UTC | log line error 1                   | 1645030244810757120 |
+----------------------------------------+------------------------------------+---------------------+



Frame[1] {
    "stats": [
        {
            "displayName": "Summary: bytes processed per second",
            "unit": "Bps",
            "value": 3507022
        },
        {
            "displayName": "Summary: lines processed per second",
            "value": 24818
        },
        {
            "displayName": "Summary: total bytes processed",
            "unit": "decbytes",
            "value": 7772
        },
        {
            "displayName": "Summary: total lines processed",
            "value": 55
        },
        {
            "displayName": "Summary: exec time",
            "unit": "s",
            "value": 0.002216125
        },
        {
            "displayName": "Store: total chunks ref",
            "value": 2
        },
        {
            "displayName": "Store: total chunks downloaded",
            "value": 3
        },
        {
            "displayName": "Store: chunks download time",
            "unit": "s",
            "value": 0.000390958
        },
        {
            "displayName": "Store: head chunk bytes",
            "unit": "decbytes",
            "value": 4
        },
        {
            "displayName": "Store: head chunk lines",
            "value": 5
        },
        {
            "displayName": "Store: decompressed bytes",
            "unit": "decbytes",
            "value": 7772
        },
        {
            "displayName": "Store: decompressed lines",
            "value": 55
        },
        {
            "displayName": "Store: compressed bytes",
            "unit": "decbytes",
            "value": 31432
        },
        {
            "displayName": "Store: total duplicates",
            "value": 6
        },
        {
            "displayName": "Ingester: total reached",
            "value": 7
        },
        {
            "displayName": "Ingester: total chunks matched",
            "value": 8
        },
        {
            "displayName": "Ingester: total batches",
            "value": 9
        },
        {
            "displayName": "Ingester: total lines sent",
            "value": 10
        },
        {
            "displayName": "Ingester: head chunk bytes",
            "unit": "decbytes",
            "value": 11
        },
        {
            "displayName": "Ingester: head chunk lines",
            "value": 12
        },
        {
            "displayName": "Ingester: decompressed bytes",
            "unit": "decbytes",
            "value": 13
        },
        {
            "displayName": "Ingester: decompressed lines",
            "value": 14
        },
        {
            "displayName": "Ingester: compressed bytes",
            "unit": "decbytes",
            "value": 15
        },
        {
            "displayName": "Ingester: total duplicates",
            "value": 16
        }
    ],
    "executedQueryString": "Expr: query1"
}
Name: {level="info", location="moon"}
Dimensions: 3 Fields by 4 Rows
+-----------------------------------------+-----------------------------------+---------------------+
| Name: time                              | Name: value                       | Name: tsNs          |
| Labels:                                 | Labels: level=info, location=moon | Labels:             |
| Type: []time.Time                       | Type: []string                    | Type: []string      |
+-----------------------------------------+-----------------------------------+---------------------+
| 2022-02-16 16:50:47.02773504 +0000 UTC  | log line info 1                   | 1645030247027735040 |
| 2022-02-16 16:50:46.277587968 +0000 UTC | log line info 2                   | 1645030246277587968 |
| 2022-02-16 16:50:45.539423744 +0000 UTC | log line info 3                   | 1645030245539423744 |
| 2022-02-16 16:50:44.091700992 +0000 UTC | log line info 4                   | 1645030244091700992 |
+-----------------------------------------+-----------------------------------+---------------------+


====== TEST DATA RESPONSE (arrow base64) ======
FRAME=QVJST1cxAAD/////AAkAABAAAAAAAAoADgAMAAsABAAKAAAAFAAAAAAAAAEEAAoADAAAAAgABAAKAAAACAAAAMQGAAADAAAAbAAAACgAAAAEAAAAlPf//wgAAAAMAAAAAAAAAAAAAAAFAAAAcmVmSWQAAAC09///CAAAACwAAAAgAAAAe2xldmVsPSJlcnJvciIsIGxvY2F0aW9uPSJtb29uIn0AAAAABAAAAG5hbWUAAAAA9Pf//wgAAAA8BgAAMgYAAHsic3RhdHMiOlt7ImRpc3BsYXlOYW1lIjoiU3VtbWFyeTogYnl0ZXMgcHJvY2Vzc2VkIHBlciBzZWNvbmQiLCJ1bml0IjoiQnBzIiwidmFsdWUiOjM1MDcwMjJ9LHsiZGlzcGxheU5hbWUiOiJTdW1tYXJ5OiBsaW5lcyBwcm9jZXNzZWQgcGVyIHNlY29uZCIsInZhbHVlIjoyNDgxOH0seyJkaXNwbGF5TmFtZSI6IlN1bW1hcnk6IHRvdGFsIGJ5dGVzIHByb2Nlc3NlZCIsInVuaXQiOiJkZWNieXRlcyIsInZhbHVlIjo3NzcyfSx7ImRpc3BsYXlOYW1lIjoiU3VtbWFyeTogdG90YWwgbGluZXMgcHJvY2Vzc2VkIiwidmFsdWUiOjU1fSx7ImRpc3BsYXlOYW1lIjoiU3VtbWFyeTogZXhlYyB0aW1lIiwidW5pdCI6InMiLCJ2YWx1ZSI6MC4wMDIyMTYxMjV9LHsiZGlzcGxheU5hbWUiOiJTdG9yZTogdG90YWwgY2h1bmtzIHJlZiIsInZhbHVlIjoyfSx7ImRpc3BsYXlOYW1lIjoiU3RvcmU6IHRvdGFsIGNodW5rcyBkb3dubG9hZGVkIiwidmFsdWUiOjN9LHsiZGlzcGxheU5hbWUiOiJTdG9yZTogY2h1bmtzIGRvd25sb2FkIHRpbWUiLCJ1bml0IjoicyIsInZhbHVlIjowLjAwMDM5MDk1OH0seyJkaXNwbGF5TmFtZSI6IlN0b3JlOiBoZWFkIGNodW5rIGJ5dGVzIiwidW5pdCI6ImRlY2J5dGVzIiwidmFsdWUiOjR9LHsiZGlzcGxheU5hbWUiOiJTdG9yZTogaGVhZCBjaHVuayBsaW5lcyIsInZhbHVlIjo1fSx7ImRpc3BsYXlOYW1lIjoiU3RvcmU6IGRlY29tcHJlc3NlZCBieXRlcyIsInVuaXQiOiJkZWNieXRlcyIsInZhbHVlIjo3NzcyfSx7ImRpc3BsYXlOYW1lIjoiU3RvcmU6IGRlY29tcHJlc3NlZCBsaW5lcyIsInZhbHVlIjo1NX0seyJkaXNwbGF5TmFtZSI6IlN0b3JlOiBjb21wcmVzc2VkIGJ5dGVzIiwidW5pdCI6ImRlY2J5dGVzIiwidmFsdWUiOjMxNDMyfSx7ImRpc3BsYXlOYW1lIjoiU3RvcmU6IHRvdGFsIGR1cGxpY2F0ZXMiLCJ2YWx1ZSI6Nn0seyJkaXNwbGF5TmFtZSI6IkluZ2VzdGVyOiB0b3RhbCByZWFjaGVkIiwidmFsdWUiOjd9LHsiZGlzcGxheU5hbWUiOiJJbmdlc3RlcjogdG90YWwgY2h1bmtzIG1hdGNoZWQiLCJ2YWx1ZSI6OH0seyJkaXNwbGF5TmFtZSI6IkluZ2VzdGVyOiB0b3RhbCBiYXRjaGVzIiwidmFsdWUiOjl9LHsiZGlzcGxheU5hbWUiOiJJbmdlc3RlcjogdG90YWwgbGluZXMgc2VudCIsInZhbHVlIjoxMH0seyJkaXNwbGF5TmFtZSI6IkluZ2VzdGVyOiBoZWFkIGNodW5rIGJ5dGVzIiwidW5pdCI6ImRlY2J5dGVzIiwidmFsdWUiOjExfSx7ImRpc3BsYXlOYW1lIjoiSW5nZXN0ZXI6IGhlYWQgY2h1bmsgbGluZXMiLCJ2YWx1ZSI6MTJ9LHsiZGlzcGxheU5hbWUiOiJJbmdlc3RlcjogZGVjb21wcmVzc2VkIGJ5dGVzIiwidW5pdCI6ImRlY2J5dGVzIiwidmFsdWUiOjEzfSx7ImRpc3BsYXlOYW1lIjoiSW5nZXN0ZXI6IGRlY29tcHJlc3NlZCBsaW5lcyIsInZhbHVlIjoxNH0seyJkaXNwbGF5TmFtZSI6IkluZ2VzdGVyOiBjb21wcmVzc2VkIGJ5dGVzIiwidW5pdCI6ImRlY2J5dGVzIiwidmFsdWUiOjE1fSx7ImRpc3BsYXlOYW1lIjoiSW5nZXN0ZXI6IHRvdGFsIGR1cGxpY2F0ZXMiLCJ2YWx1ZSI6MTZ9XSwiZXhlY3V0ZWRRdWVyeVN0cmluZyI6IkV4cHI6IHF1ZXJ5MSJ9AAAEAAAAbWV0YQAAAAADAAAAmAEAAIQAAAAEAAAAhv7//xQAAABgAAAAYAAAAAAAAAVcAAAAAgAAACwAAAAEAAAAeP7//wgAAAAQAAAABAAAAHRzTnMAAAAABAAAAG5hbWUAAAAAnP7//wgAAAAMAAAAAgAAAHt9AAAGAAAAbGFiZWxzAAAAAAAABP///wQAAAB0c05zAAAAAAL///8UAAAA4AAAAOQAAAAAAAAF4AAAAAMAAABwAAAALAAAAAQAAAD4/v//CAAAABAAAAAFAAAAdmFsdWUAAAAEAAAAbmFtZQAAAAAc////CAAAACwAAAAjAAAAeyJsZXZlbCI6ImVycm9yIiwibG9jYXRpb24iOiJtb29uIn0ABgAAAGxhYmVscwAAXP///wgAAABIAAAAPAAAAHsiZGlzcGxheU5hbWVGcm9tRFMiOiJ7bGV2ZWw9XCJlcnJvclwiLCBsb2NhdGlvbj1cIm1vb25cIn0ifQAAAAAGAAAAY29uZmlnAAAAAAAABAAEAAQAAAAFAAAAdmFsdWUAEgAYABQAAAATAAwAAAAIAAQAEgAAABQAAABEAAAATAAAAAAAAApMAAAAAQAAAAwAAAAIAAwACAAEAAgAAAAIAAAAEAAAAAQAAAB0aW1lAAAAAAQAAABuYW1lAAAAAAAAAAAAAAYACAAGAAYAAAAAAAMABAAAAHRpbWUAAAAAAAAAAP////8IAQAAFAAAAAAAAAAMABYAFAATAAwABAAMAAAAQAAAAAAAAAAUAAAAAAAAAwQACgAYAAwACAAEAAoAAAAUAAAAmAAAAAEAAAAAAAAAAAAAAAgAAAAAAAAAAAAAAAAAAAAAAAAAAAAAAAAAAAAIAAAAAAAAAAgAAAAAAAAAAAAAAAAAAAAIAAAAAAAAAAgAAAAAAAAAEAAAAAAAAAAQAAAAAAAAACAAAAAAAAAAAAAAAAAAAAAgAAAAAAAAAAgAAAAAAAAAKAAAAAAAAAATAAAAAAAAAAAAAAADAAAAAQAAAAAAAAAAAAAAAAAAAAEAAAAAAAAAAAAAAAAAAAABAAAAAAAAAAAAAAAAAAAAABS4ukpS1BYAAAAAEAAAAGxvZyBsaW5lIGVycm9yIDEAAAAAEwAAADE2NDUwMzAyNDQ4MTA3NTcxMjAAAAAAABAAAAAMABQAEgAMAAgABAAMAAAAEAAAACwAAAA4AAAAAAAEAAEAAAAQCQAAAAAAABABAAAAAAAAQAAAAAAAAAAAAAAAAAAAAAAACgAMAAAACAAEAAoAAAAIAAAAxAYAAAMAAABsAAAAKAAAAAQAAACU9///CAAAAAwAAAAAAAAAAAAAAAUAAAByZWZJZAAAALT3//8IAAAALAAAACAAAAB7bGV2ZWw9ImVycm9yIiwgbG9jYXRpb249Im1vb24ifQAAAAAEAAAAbmFtZQAAAAD09///CAAAADwGAAAyBgAAeyJzdGF0cyI6W3siZGlzcGxheU5hbWUiOiJTdW1tYXJ5OiBieXRlcyBwcm9jZXNzZWQgcGVyIHNlY29uZCIsInVuaXQiOiJCcHMiLCJ2YWx1ZSI6MzUwNzAyMn0seyJkaXNwbGF5TmFtZSI6IlN1bW1hcnk6IGxpbmVzIHByb2Nlc3NlZCBwZXIgc2Vjb25kIiwidmFsdWUiOjI0ODE4fSx7ImRpc3BsYXlOYW1lIjoiU3VtbWFyeTogdG90YWwgYnl0ZXMgcHJvY2Vzc2VkIiwidW5pdCI6ImRlY2J5dGVzIiwidmFsdWUiOjc3NzJ9LHsiZGlzcGxheU5hbWUiOiJTdW1tYXJ5OiB0b3RhbCBsaW5lcyBwcm9jZXNzZWQiLCJ2YWx1ZSI6NTV9LHsiZGlzcGxheU5hbWUiOiJTdW1tYXJ5OiBleGVjIHRpbWUiLCJ1bml0IjoicyIsInZhbHVlIjowLjAwMjIxNjEyNX0seyJkaXNwbGF5TmFtZSI6IlN0b3JlOiB0b3RhbCBjaHVua3MgcmVmIiwidmFsdWUiOjJ9LHsiZGlzcGxheU5hbWUiOiJTdG9yZTogdG90YWwgY2h1bmtzIGRvd25sb2FkZWQiLCJ2YWx1ZSI6M30seyJkaXNwbGF5TmFtZSI6IlN0b3JlOiBjaHVua3MgZG93bmxvYWQgdGltZSIsInVuaXQiOiJzIiwidmFsdWUiOjAuMDAwMzkwOTU4fSx7ImRpc3BsYXlOYW1lIjoiU3RvcmU6IGhlYWQgY2h1bmsgYnl0ZXMiLCJ1bml0IjoiZGVjYnl0ZXMiLCJ2YWx1ZSI6NH0seyJkaXNwbGF5TmFtZSI6IlN0b3JlOiBoZWFkIGNodW5rIGxpbmVzIiwidmFsdWUiOjV9LHsiZGlzcGxheU5hbWUiOiJTdG9yZTogZGVjb21wcmVzc2VkIGJ5dGVzIiwidW5pdCI6ImRlY2J5dGVzIiwidmFsdWUiOjc3NzJ9LHsiZGlzcGxheU5hbWUiOiJTdG9yZTogZGVjb21wcmVzc2VkIGxpbmVzIiwidmFsdWUiOjU1fSx7ImRpc3BsYXlOYW1lIjoiU3RvcmU6IGNvbXByZXNzZWQgYnl0ZXMiLCJ1bml0IjoiZGVjYnl0ZXMiLCJ2YWx1ZSI6MzE0MzJ9LHsiZGlzcGxheU5hbWUiOiJTdG9yZTogdG90YWwgZHVwbGljYXRlcyIsInZhbHVlIjo2fSx7ImRpc3BsYXlOYW1lIjoiSW5nZXN0ZXI6IHRvdGFsIHJlYWNoZWQiLCJ2YWx1ZSI6N30seyJkaXNwbGF5TmFtZSI6IkluZ2VzdGVyOiB0b3RhbCBjaHVua3MgbWF0Y2hlZCIsInZhbHVlIjo4fSx7ImRpc3BsYXlOYW1lIjoiSW5nZXN0ZXI6IHRvdGFsIGJhdGNoZXMiLCJ2YWx1ZSI6OX0seyJkaXNwbGF5TmFtZSI6IkluZ2VzdGVyOiB0b3RhbCBsaW5lcyBzZW50IiwidmFsdWUiOjEwfSx7ImRpc3BsYXlOYW1lIjoiSW5nZXN0ZXI6IGhlYWQgY2h1bmsgYnl0ZXMiLCJ1bml0IjoiZGVjYnl0ZXMiLCJ2YWx1ZSI6MTF9LHsiZGlzcGxheU5hbWUiOiJJbmdlc3RlcjogaGVhZCBjaHVuayBsaW5lcyIsInZhbHVlIjoxMn0seyJkaXNwbGF5TmFtZSI6IkluZ2VzdGVyOiBkZWNvbXByZXNzZWQgYnl0ZXMiLCJ1bml0IjoiZGVjYnl0ZXMiLCJ2YWx1ZSI6MTN9LHsiZGlzcGxheU5hbWUiOiJJbmdlc3RlcjogZGVjb21wcmVzc2VkIGxpbmVzIiwidmFsdWUiOjE0fSx7ImRpc3BsYXlOYW1lIjoiSW5nZXN0ZXI6IGNvbXByZXNzZWQgYnl0ZXMiLCJ1bml0IjoiZGVjYnl0ZXMiLCJ2YWx1ZSI6MTV9LHsiZGlzcGxheU5hbWUiOiJJbmdlc3RlcjogdG90YWwgZHVwbGljYXRlcyIsInZhbHVlIjoxNn1dLCJleGVjdXRlZFF1ZXJ5U3RyaW5nIjoiRXhwcjogcXVlcnkxIn0AAAQAAABtZXRhAAAAAAMAAACYAQAAhAAAAAQAAACG/v//FAAAAGAAAABgAAAAAAAABVwAAAACAAAALAAAAAQAAAB4/v//CAAAABAAAAAEAAAAdHNOcwAAAAAEAAAAbmFtZQAAAACc/v//CAAAAAwAAAACAAAAe30AAAYAAABsYWJlbHMAAAAAAAAE////BAAAAHRzTnMAAAAAAv///xQAAADgAAAA5AAAAAAAAAXgAAAAAwAAAHAAAAAsAAAABAAAAPj+//8IAAAAEAAAAAUAAAB2YWx1ZQAAAAQAAABuYW1lAAAAABz///8IAAAALAAAACMAAAB7ImxldmVsIjoiZXJyb3IiLCJsb2NhdGlvbiI6Im1vb24ifQAGAAAAbGFiZWxzAABc////CAAAAEgAAAA8AAAAeyJkaXNwbGF5TmFtZUZyb21EUyI6IntsZXZlbD1cImVycm9yXCIsIGxvY2F0aW9uPVwibW9vblwifSJ9AAAAAAYAAABjb25maWcAAAAAAAAEAAQABAAAAAUAAAB2YWx1ZQASABgAFAAAABMADAAAAAgABAASAAAAFAAAAEQAAABMAAAAAAAACkwAAAABAAAADAAAAAgADAAIAAQACAAAAAgAAAAQAAAABAAAAHRpbWUAAAAABAAAAG5hbWUAAAAAAAAAAAAABgAIAAYABgAAAAAAAwAEAAAAdGltZQAAAAAoCQAAQVJST1cx
FRAME=QVJST1cxAAD/////+AgAABAAAAAAAAoADgAMAAsABAAKAAAAFAAAAAAAAAEEAAoADAAAAAgABAAKAAAACAAAAMAGAAADAAAAaAAAACgAAAAEAAAAnPf//wgAAAAMAAAAAAAAAAAAAAAFAAAAcmVmSWQAAAC89///CAAAACgAAAAfAAAAe2xldmVsPSJpbmZvIiwgbG9jYXRpb249Im1vb24ifQAEAAAAbmFtZQAAAAD49///CAAAADwGAAAyBgAAeyJzdGF0cyI6W3siZGlzcGxheU5hbWUiOiJTdW1tYXJ5OiBieXRlcyBwcm9jZXNzZWQgcGVyIHNlY29uZCIsInVuaXQiOiJCcHMiLCJ2YWx1ZSI6MzUwNzAyMn0seyJkaXNwbGF5TmFtZSI6IlN1bW1hcnk6IGxpbmVzIHByb2Nlc3NlZCBwZXIgc2Vjb25kIiwidmFsdWUiOjI0ODE4fSx7ImRpc3BsYXlOYW1lIjoiU3VtbWFyeTogdG90YWwgYnl0ZXMgcHJvY2Vzc2VkIiwidW5pdCI6ImRlY2J5dGVzIiwidmFsdWUiOjc3NzJ9LHsiZGlzcGxheU5hbWUiOiJTdW1tYXJ5OiB0b3RhbCBsaW5lcyBwcm9jZXNzZWQiLCJ2YWx1ZSI6NTV9LHsiZGlzcGxheU5hbWUiOiJTdW1tYXJ5OiBleGVjIHRpbWUiLCJ1bml0IjoicyIsInZhbHVlIjowLjAwMjIxNjEyNX0seyJkaXNwbGF5TmFtZSI6IlN0b3JlOiB0b3RhbCBjaHVua3MgcmVmIiwidmFsdWUiOjJ9LHsiZGlzcGxheU5hbWUiOiJTdG9yZTogdG90YWwgY2h1bmtzIGRvd25sb2FkZWQiLCJ2YWx1ZSI6M30seyJkaXNwbGF5TmFtZSI6IlN0b3JlOiBjaHVua3MgZG93bmxvYWQgdGltZSIsInVuaXQiOiJzIiwidmFsdWUiOjAuMDAwMzkwOTU4fSx7ImRpc3BsYXlOYW1lIjoiU3RvcmU6IGhlYWQgY2h1bmsgYnl0ZXMiLCJ1bml0IjoiZGVjYnl0ZXMiLCJ2YWx1ZSI6NH0seyJkaXNwbGF5TmFtZSI6IlN0b3JlOiBoZWFkIGNodW5rIGxpbmVzIiwidmFsdWUiOjV9LHsiZGlzcGxheU5hbWUiOiJTdG9yZTogZGVjb21wcmVzc2VkIGJ5dGVzIiwidW5pdCI6ImRlY2J5dGVzIiwidmFsdWUiOjc3NzJ9LHsiZGlzcGxheU5hbWUiOiJTdG9yZTogZGVjb21wcmVzc2VkIGxpbmVzIiwidmFsdWUiOjU1fSx7ImRpc3BsYXlOYW1lIjoiU3RvcmU6IGNvbXByZXNzZWQgYnl0ZXMiLCJ1bml0IjoiZGVjYnl0ZXMiLCJ2YWx1ZSI6MzE0MzJ9LHsiZGlzcGxheU5hbWUiOiJTdG9yZTogdG90YWwgZHVwbGljYXRlcyIsInZhbHVlIjo2fSx7ImRpc3BsYXlOYW1lIjoiSW5nZXN0ZXI6IHRvdGFsIHJlYWNoZWQiLCJ2YWx1ZSI6N30seyJkaXNwbGF5TmFtZSI6IkluZ2VzdGVyOiB0b3RhbCBjaHVua3MgbWF0Y2hlZCIsInZhbHVlIjo4fSx7ImRpc3BsYXlOYW1lIjoiSW5nZXN0ZXI6IHRvdGFsIGJhdGNoZXMiLCJ2YWx1ZSI6OX0seyJkaXNwbGF5TmFtZSI6IkluZ2VzdGVyOiB0b3RhbCBsaW5lcyBzZW50IiwidmFsdWUiOjEwfSx7ImRpc3BsYXlOYW1lIjoiSW5nZXN0ZXI6IGhlYWQgY2h1bmsgYnl0ZXMiLCJ1bml0IjoiZGVjYnl0ZXMiLCJ2YWx1ZSI6MTF9LHsiZGlzcGxheU5hbWUiOiJJbmdlc3RlcjogaGVhZCBjaHVuayBsaW5lcyIsInZhbHVlIjoxMn0seyJkaXNwbGF5TmFtZSI6IkluZ2VzdGVyOiBkZWNvbXByZXNzZWQgYnl0ZXMiLCJ1bml0IjoiZGVjYnl0ZXMiLCJ2YWx1ZSI6MTN9LHsiZGlzcGxheU5hbWUiOiJJbmdlc3RlcjogZGVjb21wcmVzc2VkIGxpbmVzIiwidmFsdWUiOjE0fSx7ImRpc3BsYXlOYW1lIjoiSW5nZXN0ZXI6IGNvbXByZXNzZWQgYnl0ZXMiLCJ1bml0IjoiZGVjYnl0ZXMiLCJ2YWx1ZSI6MTV9LHsiZGlzcGxheU5hbWUiOiJJbmdlc3RlcjogdG90YWwgZHVwbGljYXRlcyIsInZhbHVlIjoxNn1dLCJleGVjdXRlZFF1ZXJ5U3RyaW5nIjoiRXhwcjogcXVlcnkxIn0AAAQAAABtZXRhAAAAAAMAAACUAQAAhAAAAAQAAACK/v//FAAAAGAAAABgAAAAAAAABVwAAAACAAAALAAAAAQAAAB8/v//CAAAABAAAAAEAAAAdHNOcwAAAAAEAAAAbmFtZQAAAACg/v//CAAAAAwAAAACAAAAe30AAAYAAABsYWJlbHMAAAAAAAAI////BAAAAHRzTnMAAAAABv///xQAAADcAAAA4AAAAAAAAAXcAAAAAwAAAHAAAAAsAAAABAAAAPz+//8IAAAAEAAAAAUAAAB2YWx1ZQAAAAQAAABuYW1lAAAAACD///8IAAAALAAAACIAAAB7ImxldmVsIjoiaW5mbyIsImxvY2F0aW9uIjoibW9vbiJ9AAAGAAAAbGFiZWxzAABg////CAAAAEQAAAA7AAAAeyJkaXNwbGF5TmFtZUZyb21EUyI6IntsZXZlbD1cImluZm9cIiwgbG9jYXRpb249XCJtb29uXCJ9In0ABgAAAGNvbmZpZwAAAAAAAAQABAAEAAAABQAAAHZhbHVlABIAGAAUAAAAEwAMAAAACAAEABIAAAAUAAAARAAAAEwAAAAAAAAKTAAAAAEAAAAMAAAACAAMAAgABAAIAAAACAAAABAAAAAEAAAAdGltZQAAAAAEAAAAbmFtZQAAAAAAAAAAAAAGAAgABgAGAAAAAAADAAQAAAB0aW1lAAAAAAAAAAD/////CAEAABQAAAAAAAAADAAWABQAEwAMAAQADAAAAOAAAAAAAAAAFAAAAAAAAAMEAAoAGAAMAAgABAAKAAAAFAAAAJgAAAAEAAAAAAAAAAAAAAAIAAAAAAAAAAAAAAAAAAAAAAAAAAAAAAAAAAAAIAAAAAAAAAAgAAAAAAAAAAAAAAAAAAAAIAAAAAAAAAAUAAAAAAAAADgAAAAAAAAAPAAAAAAAAAB4AAAAAAAAAAAAAAAAAAAAeAAAAAAAAAAUAAAAAAAAAJAAAAAAAAAATAAAAAAAAAAAAAAAAwAAAAQAAAAAAAAAAAAAAAAAAAAEAAAAAAAAAAAAAAAAAAAABAAAAAAAAAAAAAAAAAAAAAB63D5LUtQWACQmEktS1BYApibmSlLUFgAn3I9KUtQWAAAAAA8AAAAeAAAALQAAADwAAAAAAAAAbG9nIGxpbmUgaW5mbyAxbG9nIGxpbmUgaW5mbyAybG9nIGxpbmUgaW5mbyAzbG9nIGxpbmUgaW5mbyA0AAAAAAAAAAATAAAAJgAAADkAAABMAAAAAAAAADE2NDUwMzAyNDcwMjc3MzUwNDAxNjQ1MDMwMjQ2Mjc3NTg3OTY4MTY0NTAzMDI0NTUzOTQyMzc0NDE2NDUwMzAyNDQwOTE3MDA5OTIAAAAAEAAAAAwAFAASAAwACAAEAAwAAAAQAAAALAAAADgAAAAAAAQAAQAAAAgJAAAAAAAAEAEAAAAAAADgAAAAAAAAAAAAAAAAAAAAAAAKAAwAAAAIAAQACgAAAAgAAADABgAAAwAAAGgAAAAoAAAABAAAAJz3//8IAAAADAAAAAAAAAAAAAAABQAAAHJlZklkAAAAvPf//wgAAAAoAAAAHwAAAHtsZXZlbD0iaW5mbyIsIGxvY2F0aW9uPSJtb29uIn0ABAAAAG5hbWUAAAAA+Pf//wgAAAA8BgAAMgYAAHsic3RhdHMiOlt7ImRpc3BsYXlOYW1lIjoiU3VtbWFyeTogYnl0ZXMgcHJvY2Vzc2VkIHBlciBzZWNvbmQiLCJ1bml0IjoiQnBzIiwidmFsdWUiOjM1MDcwMjJ9LHsiZGlzcGxheU5hbWUiOiJTdW1tYXJ5OiBsaW5lcyBwcm9jZXNzZWQgcGVyIHNlY29uZCIsInZhbHVlIjoyNDgxOH0seyJkaXNwbGF5TmFtZSI6IlN1bW1hcnk6IHRvdGFsIGJ5dGVzIHByb2Nlc3NlZCIsInVuaXQiOiJkZWNieXRlcyIsInZhbHVlIjo3NzcyfSx7ImRpc3BsYXlOYW1lIjoiU3VtbWFyeTogdG90YWwgbGluZXMgcHJvY2Vzc2VkIiwidmFsdWUiOjU1fSx7ImRpc3BsYXlOYW1lIjoiU3VtbWFyeTogZXhlYyB0aW1lIiwidW5pdCI6InMiLCJ2YWx1ZSI6MC4wMDIyMTYxMjV9LHsiZGlzcGxheU5hbWUiOiJTdG9yZTogdG90YWwgY2h1bmtzIHJlZiIsInZhbHVlIjoyfSx7ImRpc3BsYXlOYW1lIjoiU3RvcmU6IHRvdGFsIGNodW5rcyBkb3dubG9hZGVkIiwidmFsdWUiOjN9LHsiZGlzcGxheU5hbWUiOiJTdG9yZTogY2h1bmtzIGRvd25sb2FkIHRpbWUiLCJ1bml0IjoicyIsInZhbHVlIjowLjAwMDM5MDk1OH0seyJkaXNwbGF5TmFtZSI6IlN0b3JlOiBoZWFkIGNodW5rIGJ5dGVzIiwidW5pdCI6ImRlY2J5dGVzIiwidmFsdWUiOjR9LHsiZGlzcGxheU5hbWUiOiJTdG9yZTogaGVhZCBjaHVuayBsaW5lcyIsInZhbHVlIjo1fSx7ImRpc3BsYXlOYW1lIjoiU3RvcmU6IGRlY29tcHJlc3NlZCBieXRlcyIsInVuaXQiOiJkZWNieXRlcyIsInZhbHVlIjo3NzcyfSx7ImRpc3BsYXlOYW1lIjoiU3RvcmU6IGRlY29tcHJlc3NlZCBsaW5lcyIsInZhbHVlIjo1NX0seyJkaXNwbGF5TmFtZSI6IlN0b3JlOiBjb21wcmVzc2VkIGJ5dGVzIiwidW5pdCI6ImRlY2J5dGVzIiwidmFsdWUiOjMxNDMyfSx7ImRpc3BsYXlOYW1lIjoiU3RvcmU6IHRvdGFsIGR1cGxpY2F0ZXMiLCJ2YWx1ZSI6Nn0seyJkaXNwbGF5TmFtZSI6IkluZ2VzdGVyOiB0b3RhbCByZWFjaGVkIiwidmFsdWUiOjd9LHsiZGlzcGxheU5hbWUiOiJJbmdlc3RlcjogdG90YWwgY2h1bmtzIG1hdGNoZWQiLCJ2YWx1ZSI6OH0seyJkaXNwbGF5TmFtZSI6IkluZ2VzdGVyOiB0b3RhbCBiYXRjaGVzIiwidmFsdWUiOjl9LHsiZGlzcGxheU5hbWUiOiJJbmdlc3RlcjogdG90YWwgbGluZXMgc2VudCIsInZhbHVlIjoxMH0seyJkaXNwbGF5TmFtZSI6IkluZ2VzdGVyOiBoZWFkIGNodW5rIGJ5dGVzIiwidW5pdCI6ImRlY2J5dGVzIiwidmFsdWUiOjExfSx7ImRpc3BsYXlOYW1lIjoiSW5nZXN0ZXI6IGhlYWQgY2h1bmsgbGluZXMiLCJ2YWx1ZSI6MTJ9LHsiZGlzcGxheU5hbWUiOiJJbmdlc3RlcjogZGVjb21wcmVzc2VkIGJ5dGVzIiwidW5pdCI6ImRlY2J5dGVzIiwidmFsdWUiOjEzfSx7ImRpc3BsYXlOYW1lIjoiSW5nZXN0ZXI6IGRlY29tcHJlc3NlZCBsaW5lcyIsInZhbHVlIjoxNH0seyJkaXNwbGF5TmFtZSI6IkluZ2VzdGVyOiBjb21wcmVzc2VkIGJ5dGVzIiwidW5pdCI6ImRlY2J5dGVzIiwidmFsdWUiOjE1fSx7ImRpc3BsYXlOYW1lIjoiSW5nZXN0ZXI6IHRvdGFsIGR1cGxpY2F0ZXMiLCJ2YWx1ZSI6MTZ9XSwiZXhlY3V0ZWRRdWVyeVN0cmluZyI6IkV4cHI6IHF1ZXJ5MSJ9AAAEAAAAbWV0YQAAAAADAAAAlAEAAIQAAAAEAAAAiv7//xQAAABgAAAAYAAAAAAAAAVcAAAAAgAAACwAAAAEAAAAfP7//wgAAAAQAAAABAAAAHRzTnMAAAAABAAAAG5hbWUAAAAAoP7//wgAAAAMAAAAAgAAAHt9AAAGAAAAbGFiZWxzAAAAAAAACP///wQAAAB0c05zAAAAAAb///8UAAAA3AAAAOAAAAAAAAAF3AAAAAMAAABwAAAALAAAAAQAAAD8/v//CAAAABAAAAAFAAAAdmFsdWUAAAAEAAAAbmFtZQAAAAAg////CAAAACwAAAAiAAAAeyJsZXZlbCI6ImluZm8iLCJsb2NhdGlvbiI6Im1vb24ifQAABgAAAGxhYmVscwAAYP///wgAAABEAAAAOwAAAHsiZGlzcGxheU5hbWVGcm9tRFMiOiJ7bGV2ZWw9XCJpbmZvXCIsIGxvY2F0aW9uPVwibW9vblwifSJ9AAYAAABjb25maWcAAAAAAAAEAAQABAAAAAUAAAB2YWx1ZQASABgAFAAAABMADAAAAAgABAASAAAAFAAAAEQAAABMAAAAAAAACkwAAAABAAAADAAAAAgADAAIAAQACAAAAAgAAAAQAAAABAAAAHRpbWUAAAAABAAAAG5hbWUAAAAAAAAAAAAABgAIAAYABgAAAAAAAwAEAAAAdGltZQAAAAAgCQAAQVJST1cx
