ðŸŒŸ This was machine generated.  Do not edit. ðŸŒŸ

Frame[0] {
    "custom": {
        "resultType": "matrix"
    },
    "executedQueryString": "Expr: \nStep: 1s"
}
Name: prometheus_http_requests_total{code="200", handler="/api/v1/query_range", job="prometheus"}
Dimensions: 2 Fields by 3 Rows
+-----------------------------------+--------------------------------------------------------------------------------------------------------+
| Name: Time                        | Name: Value                                                                                            |
| Labels:                           | Labels: __name__=prometheus_http_requests_total, code=200, handler=/api/v1/query_range, job=prometheus |
| Type: []time.Time                 | Type: []*float64                                                                                       |
+-----------------------------------+--------------------------------------------------------------------------------------------------------+
| 2022-01-11 08:25:30.123 +0000 UTC | 21                                                                                                     |
| 2022-01-11 08:25:31.123 +0000 UTC | 32                                                                                                     |
| 2022-01-11 08:25:32.123 +0000 UTC | 43                                                                                                     |
+-----------------------------------+--------------------------------------------------------------------------------------------------------+



Frame[1] {
    "custom": {
        "resultType": "matrix"
    },
    "executedQueryString": "Expr: \nStep: 1s"
}
Name: prometheus_http_requests_total{code="400", handler="/api/v1/query_range", job="prometheus"}
Dimensions: 2 Fields by 3 Rows
+-----------------------------------+--------------------------------------------------------------------------------------------------------+
| Name: Time                        | Name: Value                                                                                            |
| Labels:                           | Labels: __name__=prometheus_http_requests_total, code=400, handler=/api/v1/query_range, job=prometheus |
| Type: []time.Time                 | Type: []*float64                                                                                       |
+-----------------------------------+--------------------------------------------------------------------------------------------------------+
| 2022-01-11 08:25:30.123 +0000 UTC | 54                                                                                                     |
| 2022-01-11 08:25:31.123 +0000 UTC | 65                                                                                                     |
| 2022-01-11 08:25:32.123 +0000 UTC | 76                                                                                                     |
+-----------------------------------+--------------------------------------------------------------------------------------------------------+


====== TEST DATA RESPONSE (arrow base64) ======
FRAME=QVJST1cxAAD/////oAMAABAAAAAAAAoADgAMAAsABAAKAAAAFAAAAAAAAAEEAAoADAAAAAgABAAKAAAACAAAABQBAAADAAAApAAAACgAAAAEAAAAAP3//wgAAAAMAAAAAAAAAAAAAAAFAAAAcmVmSWQAAAAg/f//CAAAAGQAAABbAAAAcHJvbWV0aGV1c19odHRwX3JlcXVlc3RzX3RvdGFse2NvZGU9IjIwMCIsIGhhbmRsZXI9Ii9hcGkvdjEvcXVlcnlfcmFuZ2UiLCBqb2I9InByb21ldGhldXMifQAEAAAAbmFtZQAAAACY/f//CAAAAFQAAABLAAAAeyJjdXN0b20iOnsicmVzdWx0VHlwZSI6Im1hdHJpeCJ9LCJleGVjdXRlZFF1ZXJ5U3RyaW5nIjoiRXhwcjogXG5TdGVwOiAxcyJ9AAQAAABtZXRhAAAAAAIAAAC0AQAAGAAAAAAAEgAYABQAEwASAAwAAAAIAAQAEgAAABQAAABoAQAAaAEAAAAAAwFoAQAAAwAAALwAAAAsAAAABAAAAEj+//8IAAAAEAAAAAUAAABWYWx1ZQAAAAQAAABuYW1lAAAAAGz+//8IAAAAeAAAAG0AAAB7Il9fbmFtZV9fIjoicHJvbWV0aGV1c19odHRwX3JlcXVlc3RzX3RvdGFsIiwiY29kZSI6IjIwMCIsImhhbmRsZXIiOiIvYXBpL3YxL3F1ZXJ5X3JhbmdlIiwiam9iIjoicHJvbWV0aGV1cyJ9AAAABgAAAGxhYmVscwAA+P7//wgAAACEAAAAeQAAAHsiZGlzcGxheU5hbWVGcm9tRFMiOiJwcm9tZXRoZXVzX2h0dHBfcmVxdWVzdHNfdG90YWx7Y29kZT1cIjIwMFwiLCBoYW5kbGVyPVwiL2FwaS92MS9xdWVyeV9yYW5nZVwiLCBqb2I9XCJwcm9tZXRoZXVzXCJ9In0AAAAGAAAAY29uZmlnAAAAAAAAVv///wAAAgAFAAAAVmFsdWUAEgAYABQAAAATAAwAAAAIAAQAEgAAABQAAAB4AAAAgAAAAAAAAAqAAAAAAgAAADQAAAAEAAAA3P///wgAAAAQAAAABAAAAFRpbWUAAAAABAAAAG5hbWUAAAAACAAMAAgABAAIAAAACAAAABwAAAARAAAAeyJpbnRlcnZhbCI6MTAwMH0AAAAGAAAAY29uZmlnAAAAAAAAAAAGAAgABgAGAAAAAAADAAQAAABUaW1lAAAAAAAAAAD/////uAAAABQAAAAAAAAADAAWABQAEwAMAAQADAAAADAAAAAAAAAAFAAAAAAAAAMEAAoAGAAMAAgABAAKAAAAFAAAAFgAAAADAAAAAAAAAAAAAAAEAAAAAAAAAAAAAAAAAAAAAAAAAAAAAAAAAAAAGAAAAAAAAAAYAAAAAAAAAAAAAAAAAAAAGAAAAAAAAAAYAAAAAAAAAAAAAAACAAAAAwAAAAAAAAAAAAAAAAAAAAMAAAAAAAAAAAAAAAAAAADAGGob1CnJFsDiBFfUKckWwKyfktQpyRYAAAAAAAA1QAAAAAAAAEBAAAAAAACARUAQAAAADAAUABIADAAIAAQADAAAABAAAAAsAAAAOAAAAAAABAABAAAAsAMAAAAAAADAAAAAAAAAADAAAAAAAAAAAAAAAAAAAAAAAAoADAAAAAgABAAKAAAACAAAABQBAAADAAAApAAAACgAAAAEAAAAAP3//wgAAAAMAAAAAAAAAAAAAAAFAAAAcmVmSWQAAAAg/f//CAAAAGQAAABbAAAAcHJvbWV0aGV1c19odHRwX3JlcXVlc3RzX3RvdGFse2NvZGU9IjIwMCIsIGhhbmRsZXI9Ii9hcGkvdjEvcXVlcnlfcmFuZ2UiLCBqb2I9InByb21ldGhldXMifQAEAAAAbmFtZQAAAACY/f//CAAAAFQAAABLAAAAeyJjdXN0b20iOnsicmVzdWx0VHlwZSI6Im1hdHJpeCJ9LCJleGVjdXRlZFF1ZXJ5U3RyaW5nIjoiRXhwcjogXG5TdGVwOiAxcyJ9AAQAAABtZXRhAAAAAAIAAAC0AQAAGAAAAAAAEgAYABQAEwASAAwAAAAIAAQAEgAAABQAAABoAQAAaAEAAAAAAwFoAQAAAwAAALwAAAAsAAAABAAAAEj+//8IAAAAEAAAAAUAAABWYWx1ZQAAAAQAAABuYW1lAAAAAGz+//8IAAAAeAAAAG0AAAB7Il9fbmFtZV9fIjoicHJvbWV0aGV1c19odHRwX3JlcXVlc3RzX3RvdGFsIiwiY29kZSI6IjIwMCIsImhhbmRsZXIiOiIvYXBpL3YxL3F1ZXJ5X3JhbmdlIiwiam9iIjoicHJvbWV0aGV1cyJ9AAAABgAAAGxhYmVscwAA+P7//wgAAACEAAAAeQAAAHsiZGlzcGxheU5hbWVGcm9tRFMiOiJwcm9tZXRoZXVzX2h0dHBfcmVxdWVzdHNfdG90YWx7Y29kZT1cIjIwMFwiLCBoYW5kbGVyPVwiL2FwaS92MS9xdWVyeV9yYW5nZVwiLCBqb2I9XCJwcm9tZXRoZXVzXCJ9In0AAAAGAAAAY29uZmlnAAAAAAAAVv///wAAAgAFAAAAVmFsdWUAEgAYABQAAAATAAwAAAAIAAQAEgAAABQAAAB4AAAAgAAAAAAAAAqAAAAAAgAAADQAAAAEAAAA3P///wgAAAAQAAAABAAAAFRpbWUAAAAABAAAAG5hbWUAAAAACAAMAAgABAAIAAAACAAAABwAAAARAAAAeyJpbnRlcnZhbCI6MTAwMH0AAAAGAAAAY29uZmlnAAAAAAAAAAAGAAgABgAGAAAAAAADAAQAAABUaW1lAAAAAMgDAABBUlJPVzE=
FRAME=QVJST1cxAAD/////oAMAABAAAAAAAAoADgAMAAsABAAKAAAAFAAAAAAAAAEEAAoADAAAAAgABAAKAAAACAAAABQBAAADAAAApAAAACgAAAAEAAAAAP3//wgAAAAMAAAAAAAAAAAAAAAFAAAAcmVmSWQAAAAg/f//CAAAAGQAAABbAAAAcHJvbWV0aGV1c19odHRwX3JlcXVlc3RzX3RvdGFse2NvZGU9IjQwMCIsIGhhbmRsZXI9Ii9hcGkvdjEvcXVlcnlfcmFuZ2UiLCBqb2I9InByb21ldGhldXMifQAEAAAAbmFtZQAAAACY/f//CAAAAFQAAABLAAAAeyJjdXN0b20iOnsicmVzdWx0VHlwZSI6Im1hdHJpeCJ9LCJleGVjdXRlZFF1ZXJ5U3RyaW5nIjoiRXhwcjogXG5TdGVwOiAxcyJ9AAQAAABtZXRhAAAAAAIAAAC0AQAAGAAAAAAAEgAYABQAEwASAAwAAAAIAAQAEgAAABQAAABoAQAAaAEAAAAAAwFoAQAAAwAAALwAAAAsAAAABAAAAEj+//8IAAAAEAAAAAUAAABWYWx1ZQAAAAQAAABuYW1lAAAAAGz+//8IAAAAeAAAAG0AAAB7Il9fbmFtZV9fIjoicHJvbWV0aGV1c19odHRwX3JlcXVlc3RzX3RvdGFsIiwiY29kZSI6IjQwMCIsImhhbmRsZXIiOiIvYXBpL3YxL3F1ZXJ5X3JhbmdlIiwiam9iIjoicHJvbWV0aGV1cyJ9AAAABgAAAGxhYmVscwAA+P7//wgAAACEAAAAeQAAAHsiZGlzcGxheU5hbWVGcm9tRFMiOiJwcm9tZXRoZXVzX2h0dHBfcmVxdWVzdHNfdG90YWx7Y29kZT1cIjQwMFwiLCBoYW5kbGVyPVwiL2FwaS92MS9xdWVyeV9yYW5nZVwiLCBqb2I9XCJwcm9tZXRoZXVzXCJ9In0AAAAGAAAAY29uZmlnAAAAAAAAVv///wAAAgAFAAAAVmFsdWUAEgAYABQAAAATAAwAAAAIAAQAEgAAABQAAAB4AAAAgAAAAAAAAAqAAAAAAgAAADQAAAAEAAAA3P///wgAAAAQAAAABAAAAFRpbWUAAAAABAAAAG5hbWUAAAAACAAMAAgABAAIAAAACAAAABwAAAARAAAAeyJpbnRlcnZhbCI6MTAwMH0AAAAGAAAAY29uZmlnAAAAAAAAAAAGAAgABgAGAAAAAAADAAQAAABUaW1lAAAAAAAAAAD/////uAAAABQAAAAAAAAADAAWABQAEwAMAAQADAAAADAAAAAAAAAAFAAAAAAAAAMEAAoAGAAMAAgABAAKAAAAFAAAAFgAAAADAAAAAAAAAAAAAAAEAAAAAAAAAAAAAAAAAAAAAAAAAAAAAAAAAAAAGAAAAAAAAAAYAAAAAAAAAAAAAAAAAAAAGAAAAAAAAAAYAAAAAAAAAAAAAAACAAAAAwAAAAAAAAAAAAAAAAAAAAMAAAAAAAAAAAAAAAAAAADAGGob1CnJFsDiBFfUKckWwKyfktQpyRYAAAAAAABLQAAAAAAAQFBAAAAAAAAAU0AQAAAADAAUABIADAAIAAQADAAAABAAAAAsAAAAOAAAAAAABAABAAAAsAMAAAAAAADAAAAAAAAAADAAAAAAAAAAAAAAAAAAAAAAAAoADAAAAAgABAAKAAAACAAAABQBAAADAAAApAAAACgAAAAEAAAAAP3//wgAAAAMAAAAAAAAAAAAAAAFAAAAcmVmSWQAAAAg/f//CAAAAGQAAABbAAAAcHJvbWV0aGV1c19odHRwX3JlcXVlc3RzX3RvdGFse2NvZGU9IjQwMCIsIGhhbmRsZXI9Ii9hcGkvdjEvcXVlcnlfcmFuZ2UiLCBqb2I9InByb21ldGhldXMifQAEAAAAbmFtZQAAAACY/f//CAAAAFQAAABLAAAAeyJjdXN0b20iOnsicmVzdWx0VHlwZSI6Im1hdHJpeCJ9LCJleGVjdXRlZFF1ZXJ5U3RyaW5nIjoiRXhwcjogXG5TdGVwOiAxcyJ9AAQAAABtZXRhAAAAAAIAAAC0AQAAGAAAAAAAEgAYABQAEwASAAwAAAAIAAQAEgAAABQAAABoAQAAaAEAAAAAAwFoAQAAAwAAALwAAAAsAAAABAAAAEj+//8IAAAAEAAAAAUAAABWYWx1ZQAAAAQAAABuYW1lAAAAAGz+//8IAAAAeAAAAG0AAAB7Il9fbmFtZV9fIjoicHJvbWV0aGV1c19odHRwX3JlcXVlc3RzX3RvdGFsIiwiY29kZSI6IjQwMCIsImhhbmRsZXIiOiIvYXBpL3YxL3F1ZXJ5X3JhbmdlIiwiam9iIjoicHJvbWV0aGV1cyJ9AAAABgAAAGxhYmVscwAA+P7//wgAAACEAAAAeQAAAHsiZGlzcGxheU5hbWVGcm9tRFMiOiJwcm9tZXRoZXVzX2h0dHBfcmVxdWVzdHNfdG90YWx7Y29kZT1cIjQwMFwiLCBoYW5kbGVyPVwiL2FwaS92MS9xdWVyeV9yYW5nZVwiLCBqb2I9XCJwcm9tZXRoZXVzXCJ9In0AAAAGAAAAY29uZmlnAAAAAAAAVv///wAAAgAFAAAAVmFsdWUAEgAYABQAAAATAAwAAAAIAAQAEgAAABQAAAB4AAAAgAAAAAAAAAqAAAAAAgAAADQAAAAEAAAA3P///wgAAAAQAAAABAAAAFRpbWUAAAAABAAAAG5hbWUAAAAACAAMAAgABAAIAAAACAAAABwAAAARAAAAeyJpbnRlcnZhbCI6MTAwMH0AAAAGAAAAY29uZmlnAAAAAAAAAAAGAAgABgAGAAAAAAADAAQAAABUaW1lAAAAAMgDAABBUlJPVzE=
