ðŸŒŸ This was machine generated.  Do not edit. ðŸŒŸ

Frame[0] {
    "custom": {
        "resultType": "matrix"
    },
    "executedQueryString": "Expr: \nStep: 1s"
}
Name: {handler="/api/v1/query_range", job="prometheus"}
Dimensions: 2 Fields by 3 Rows
+-------------------------------+-----------------------------------------------------+
| Name: Time                    | Name: Value                                         |
| Labels:                       | Labels: handler=/api/v1/query_range, job=prometheus |
| Type: []time.Time             | Type: []*float64                                    |
+-------------------------------+-----------------------------------------------------+
| 2022-01-11 08:25:30 +0000 UTC | null                                                |
| 2022-01-11 08:25:31 +0000 UTC | null                                                |
| 2022-01-11 08:25:32 +0000 UTC | null                                                |
+-------------------------------+-----------------------------------------------------+


====== TEST DATA RESPONSE (arrow base64) ======
FRAME=QVJST1cxAAD/////EAMAABAAAAAAAAoADgAMAAsABAAKAAAAFAAAAAAAAAEEAAoADAAAAAgABAAKAAAACAAAAOwAAAADAAAAfAAAACgAAAAEAAAAjP3//wgAAAAMAAAAAAAAAAAAAAAFAAAAcmVmSWQAAACs/f//CAAAADwAAAAxAAAAe2hhbmRsZXI9Ii9hcGkvdjEvcXVlcnlfcmFuZ2UiLCBqb2I9InByb21ldGhldXMifQAAAAQAAABuYW1lAAAAAPz9//8IAAAAVAAAAEsAAAB7ImN1c3RvbSI6eyJyZXN1bHRUeXBlIjoibWF0cml4In0sImV4ZWN1dGVkUXVlcnlTdHJpbmciOiJFeHByOiBcblN0ZXA6IDFzIn0ABAAAAG1ldGEAAAAAAgAAAFABAAAYAAAAAAASABgAFAATABIADAAAAAgABAASAAAAFAAAAAQBAAAEAQAAAAADAQQBAAADAAAAhAAAACwAAAAEAAAArP7//wgAAAAQAAAABQAAAFZhbHVlAAAABAAAAG5hbWUAAAAA0P7//wgAAABAAAAANAAAAHsiaGFuZGxlciI6Ii9hcGkvdjEvcXVlcnlfcmFuZ2UiLCJqb2IiOiJwcm9tZXRoZXVzIn0AAAAABgAAAGxhYmVscwAAJP///wgAAABYAAAATQAAAHsiZGlzcGxheU5hbWVGcm9tRFMiOiJ7aGFuZGxlcj1cIi9hcGkvdjEvcXVlcnlfcmFuZ2VcIiwgam9iPVwicHJvbWV0aGV1c1wifSJ9AAAABgAAAGNvbmZpZwAAAAAAAFb///8AAAIABQAAAFZhbHVlABIAGAAUAAAAEwAMAAAACAAEABIAAAAUAAAAeAAAAIAAAAAAAAAKgAAAAAIAAAA0AAAABAAAANz///8IAAAAEAAAAAQAAABUaW1lAAAAAAQAAABuYW1lAAAAAAgADAAIAAQACAAAAAgAAAAcAAAAEQAAAHsiaW50ZXJ2YWwiOjEwMDB9AAAABgAAAGNvbmZpZwAAAAAAAAAABgAIAAYABgAAAAAAAwAEAAAAVGltZQAAAAD/////uAAAABQAAAAAAAAADAAWABQAEwAMAAQADAAAADgAAAAAAAAAFAAAAAAAAAMEAAoAGAAMAAgABAAKAAAAFAAAAFgAAAADAAAAAAAAAAAAAAAEAAAAAAAAAAAAAAAAAAAAAAAAAAAAAAAAAAAAGAAAAAAAAAAYAAAAAAAAAAQAAAAAAAAAIAAAAAAAAAAYAAAAAAAAAAAAAAACAAAAAwAAAAAAAAAAAAAAAAAAAAMAAAAAAAAAAwAAAAAAAAAARBUU1CnJFgAOsE/UKckWANhKi9QpyRYAAAAAAAAAAAAAAAAAAAAAAAAAAAAAAAAAAAAAAAAAABAAAAAMABQAEgAMAAgABAAMAAAAEAAAACwAAAA8AAAAAAAEAAEAAAAgAwAAAAAAAMAAAAAAAAAAOAAAAAAAAAAAAAAAAAAAAAAAAAAAAAoADAAAAAgABAAKAAAACAAAAOwAAAADAAAAfAAAACgAAAAEAAAAjP3//wgAAAAMAAAAAAAAAAAAAAAFAAAAcmVmSWQAAACs/f//CAAAADwAAAAxAAAAe2hhbmRsZXI9Ii9hcGkvdjEvcXVlcnlfcmFuZ2UiLCBqb2I9InByb21ldGhldXMifQAAAAQAAABuYW1lAAAAAPz9//8IAAAAVAAAAEsAAAB7ImN1c3RvbSI6eyJyZXN1bHRUeXBlIjoibWF0cml4In0sImV4ZWN1dGVkUXVlcnlTdHJpbmciOiJFeHByOiBcblN0ZXA6IDFzIn0ABAAAAG1ldGEAAAAAAgAAAFABAAAYAAAAAAASABgAFAATABIADAAAAAgABAASAAAAFAAAAAQBAAAEAQAAAAADAQQBAAADAAAAhAAAACwAAAAEAAAArP7//wgAAAAQAAAABQAAAFZhbHVlAAAABAAAAG5hbWUAAAAA0P7//wgAAABAAAAANAAAAHsiaGFuZGxlciI6Ii9hcGkvdjEvcXVlcnlfcmFuZ2UiLCJqb2IiOiJwcm9tZXRoZXVzIn0AAAAABgAAAGxhYmVscwAAJP///wgAAABYAAAATQAAAHsiZGlzcGxheU5hbWVGcm9tRFMiOiJ7aGFuZGxlcj1cIi9hcGkvdjEvcXVlcnlfcmFuZ2VcIiwgam9iPVwicHJvbWV0aGV1c1wifSJ9AAAABgAAAGNvbmZpZwAAAAAAAFb///8AAAIABQAAAFZhbHVlABIAGAAUAAAAEwAMAAAACAAEABIAAAAUAAAAeAAAAIAAAAAAAAAKgAAAAAIAAAA0AAAABAAAANz///8IAAAAEAAAAAQAAABUaW1lAAAAAAQAAABuYW1lAAAAAAgADAAIAAQACAAAAAgAAAAcAAAAEQAAAHsiaW50ZXJ2YWwiOjEwMDB9AAAABgAAAGNvbmZpZwAAAAAAAAAABgAIAAYABgAAAAAAAwAEAAAAVGltZQAAAABAAwAAQVJST1cx
