ðŸŒŸ This was machine generated.  Do not edit. ðŸŒŸ

Frame[0] {
    "custom": {
        "resultType": "matrix"
    },
    "executedQueryString": "Expr: 1 / 0\nStep: 1s"
}
Name: 1 / 0
Dimensions: 2 Fields by 3 Rows
+-------------------------------+------------------+
| Name: Time                    | Name: Value      |
| Labels:                       | Labels:          |
| Type: []time.Time             | Type: []*float64 |
+-------------------------------+------------------+
| 2022-01-11 08:25:30 +0000 UTC | +Inf             |
| 2022-01-11 08:25:31 +0000 UTC | +Inf             |
| 2022-01-11 08:25:32 +0000 UTC | +Inf             |
+-------------------------------+------------------+


====== TEST DATA RESPONSE (arrow base64) ======
FRAME=QVJST1cxAAD/////iAIAABAAAAAAAAoADgAMAAsABAAKAAAAFAAAAAAAAAEEAAoADAAAAAgABAAKAAAACAAAAMgAAAADAAAAUAAAACgAAAAEAAAAFP7//wgAAAAMAAAAAAAAAAAAAAAFAAAAcmVmSWQAAAA0/v//CAAAABAAAAAFAAAAMSAvIDAAAAAEAAAAbmFtZQAAAABY/v//CAAAAFwAAABQAAAAeyJjdXN0b20iOnsicmVzdWx0VHlwZSI6Im1hdHJpeCJ9LCJleGVjdXRlZFF1ZXJ5U3RyaW5nIjoiRXhwcjogMSAvIDBcblN0ZXA6IDFzIn0AAAAABAAAAG1ldGEAAAAAAgAAAOwAAAAYAAAAAAASABgAFAATABIADAAAAAgABAASAAAAFAAAAKAAAACgAAAAAAADAaAAAAADAAAAUAAAACwAAAAEAAAAEP///wgAAAAQAAAABQAAAFZhbHVlAAAABAAAAG5hbWUAAAAANP///wgAAAAMAAAAAgAAAHt9AAAGAAAAbGFiZWxzAABU////CAAAACgAAAAdAAAAeyJkaXNwbGF5TmFtZUZyb21EUyI6IjEgLyAwIn0AAAAGAAAAY29uZmlnAAAAAAAAVv///wAAAgAFAAAAVmFsdWUAEgAYABQAAAATAAwAAAAIAAQAEgAAABQAAAB4AAAAgAAAAAAAAAqAAAAAAgAAADQAAAAEAAAA3P///wgAAAAQAAAABAAAAFRpbWUAAAAABAAAAG5hbWUAAAAACAAMAAgABAAIAAAACAAAABwAAAARAAAAeyJpbnRlcnZhbCI6MTAwMH0AAAAGAAAAY29uZmlnAAAAAAAAAAAGAAgABgAGAAAAAAADAAQAAABUaW1lAAAAAP////+4AAAAFAAAAAAAAAAMABYAFAATAAwABAAMAAAAMAAAAAAAAAAUAAAAAAAAAwQACgAYAAwACAAEAAoAAAAUAAAAWAAAAAMAAAAAAAAAAAAAAAQAAAAAAAAAAAAAAAAAAAAAAAAAAAAAAAAAAAAYAAAAAAAAABgAAAAAAAAAAAAAAAAAAAAYAAAAAAAAABgAAAAAAAAAAAAAAAIAAAADAAAAAAAAAAAAAAAAAAAAAwAAAAAAAAAAAAAAAAAAAABEFRTUKckWAA6wT9QpyRYA2EqL1CnJFgAAAAAAAPB/AAAAAAAA8H8AAAAAAADwfxAAAAAMABQAEgAMAAgABAAMAAAAEAAAACwAAAA8AAAAAAAEAAEAAACYAgAAAAAAAMAAAAAAAAAAMAAAAAAAAAAAAAAAAAAAAAAAAAAAAAoADAAAAAgABAAKAAAACAAAAMgAAAADAAAAUAAAACgAAAAEAAAAFP7//wgAAAAMAAAAAAAAAAAAAAAFAAAAcmVmSWQAAAA0/v//CAAAABAAAAAFAAAAMSAvIDAAAAAEAAAAbmFtZQAAAABY/v//CAAAAFwAAABQAAAAeyJjdXN0b20iOnsicmVzdWx0VHlwZSI6Im1hdHJpeCJ9LCJleGVjdXRlZFF1ZXJ5U3RyaW5nIjoiRXhwcjogMSAvIDBcblN0ZXA6IDFzIn0AAAAABAAAAG1ldGEAAAAAAgAAAOwAAAAYAAAAAAASABgAFAATABIADAAAAAgABAASAAAAFAAAAKAAAACgAAAAAAADAaAAAAADAAAAUAAAACwAAAAEAAAAEP///wgAAAAQAAAABQAAAFZhbHVlAAAABAAAAG5hbWUAAAAANP///wgAAAAMAAAAAgAAAHt9AAAGAAAAbGFiZWxzAABU////CAAAACgAAAAdAAAAeyJkaXNwbGF5TmFtZUZyb21EUyI6IjEgLyAwIn0AAAAGAAAAY29uZmlnAAAAAAAAVv///wAAAgAFAAAAVmFsdWUAEgAYABQAAAATAAwAAAAIAAQAEgAAABQAAAB4AAAAgAAAAAAAAAqAAAAAAgAAADQAAAAEAAAA3P///wgAAAAQAAAABAAAAFRpbWUAAAAABAAAAG5hbWUAAAAACAAMAAgABAAIAAAACAAAABwAAAARAAAAeyJpbnRlcnZhbCI6MTAwMH0AAAAGAAAAY29uZmlnAAAAAAAAAAAGAAgABgAGAAAAAAADAAQAAABUaW1lAAAAALgCAABBUlJPVzE=
